#
# A fatal error has been detected by the Java Runtime Environment:
#
#  EXCEPTION_ACCESS_VIOLATION (0xc0000005) at pc=0x00007ffc12739b7d, pid=13488, tid=16468
#
# JRE version: Java(TM) SE Runtime Environment (21.0.8+12) (build 21.0.8+12-LTS-250)
# Java VM: Java HotSpot(TM) 64-Bit Server VM (21.0.8+12-LTS-250, mixed mode, emulated-client, sharing, tiered, compressed oops, compressed class ptrs, g1 gc, windows-amd64)
# Problematic frame:
# V  [jvm.dll+0x9b7d]
#
# No core dump will be written. Minidumps are not enabled by default on client versions of Windows
#
# If you would like to submit a bug report, please visit:
#   https://bugreport.java.com/bugreport/crash.jsp
#

---------------  S U M M A R Y ------------

Command Line: -agentlib:jdwp=transport=dt_socket,address=127.0.0.1:57127,suspend=y,server=n -javaagent:C:\Users\trung\AppData\Local\JetBrains\IntelliJIdea2025.2\captureAgent\debugger-agent.jar=file:///C:/Users/trung/AppData/Local/Temp/capture14641768368852690103.props -agentpath:C:\Users\trung\AppData\Local\Temp\idea_libasyncProfiler_dll_temp_folder9\libasyncProfiler.dll=version,jfr,event=wall,interval=10ms,cstack=no,file=C:\Users\trung\IdeaSnapshots\VibetalkApiApplication_2025_09_18_025531.jfr,dbghelppath=C:\Users\trung\AppData\Local\Temp\idea_dbghelp_dll_temp_folder2\dbghelp.dll,log=C:\Users\trung\AppData\Local\Temp\VibetalkApiApplication_2025_09_18_025531.jfr.log.txt,logLevel=DEBUG -XX:TieredStopAtLevel=1 -Dspring.output.ansi.enabled=always -Dcom.sun.management.jmxremote -Dspring.jmx.enabled=true -Dspring.liveBeansView.mbeanDomain -Dspring.application.admin.enabled=true -Dmanagement.endpoints.jmx.exposure.include=* -Dkotlinx.coroutines.debug.enable.creation.stack.trace=false -Ddebugger.agent.enable.coroutines=true -Dkotlinx.coroutines.debug.enable.flows.stack.trace=true -Dkotlinx.coroutines.debug.enable.mutable.state.flows.stack.trace=true -Dfile.encoding=UTF-8 -Dsun.stdout.encoding=UTF-8 -Dsun.stderr.encoding=UTF-8 com.gnxrt.vibetalkapi.VibetalkApiApplication

Host: AMD Ryzen 7 4800H with Radeon Graphics         , 16 cores, 15G,  Windows 11 , 64 bit Build 26100 (10.0.26100.1591)
Time: Thu Sep 18 02:55:37 2025 SE Asia Standard Time elapsed time: 6.544994 seconds (0d 0h 0m 6s)

---------------  T H R E A D  ---------------

Current thread (0x000001fe6b899670):  JavaThread "C1 CompilerThread1" daemon [_thread_in_native, id=16468, stack(0x000000e289000000,0x000000e289100000) (1024K)]


Current CompileTask:
C1:   6545 6710       1       java.lang.invoke.LambdaFormBuffer::resultIndex (41 bytes)

Stack: [0x000000e289000000,0x000000e289100000],  sp=0x000000e2890fe5d0,  free space=1017k
Native frames: (J=compiled Java code, j=interpreted, Vv=VM code, C=native code)
V  [jvm.dll+0x9b7d]
V  [jvm.dll+0x1a06eb]
V  [jvm.dll+0x1695eb]
V  [jvm.dll+0x153984]
V  [jvm.dll+0x153b23]
V  [jvm.dll+0x153df4]
V  [jvm.dll+0x153226]
V  [jvm.dll+0x154ffd]
V  [jvm.dll+0x256359]
V  [jvm.dll+0x2548ea]
V  [jvm.dll+0x3efef6]
V  [jvm.dll+0x80279b]
V  [jvm.dll+0x6ca85d]
C  [ucrtbase.dll+0x14ea0]
C  [KERNEL32.DLL+0x2dbe7]
C  [ntdll.dll+0x85a6c]


siginfo: EXCEPTION_ACCESS_VIOLATION (0xc0000005), reading address 0x0000000000000000


Registers:
RAX=0x0000000000000005, RBX=0x0000000000000000, RCX=0x000001fe7671b540, RDX=0x000001fe766ff3c0
RSP=0x000000e2890fe5d0, RBP=0x000000e2890fe699, RSI=0x000000e2890fe708, RDI=0x0000000000000008
R8 =0x000000000000000f, R9 =0x00007ffc3adc1a01, R10=0x00007ffc3adc0000, R11=0x0000000000000000
R12=0x0000000000000004, R13=0x0000000000000020, R14=0x000001fe7671c0c8, R15=0x000001fe766ff438
RIP=0x00007ffc12739b7d, EFLAGS=0x0000000000010297


Register to memory mapping:

RAX=0x0000000000000005 is an unknown value
RBX=0x0 is null
RCX=0x000001fe7671b540 points into unknown readable memory: 0x00007ffc130d3958 | 58 39 0d 13 fc 7f 00 00
RDX=0x000001fe766ff3c0 points into unknown readable memory: 0x000001fe766fda90 | 90 da 6f 76 fe 01 00 00
RSP=0x000000e2890fe5d0 is pointing into the stack for thread: 0x000001fe6b899670
RBP=0x000000e2890fe699 is pointing into the stack for thread: 0x000001fe6b899670
RSI=0x000000e2890fe708 is pointing into the stack for thread: 0x000001fe6b899670
RDI=0x0000000000000008 is an unknown value
R8 =0x000000000000000f is an unknown value
R9 =0x00007ffc3adc1a01 VCRUNTIME140.dll
R10=0x00007ffc3adc0000 VCRUNTIME140.dll
R11=0x0 is null
R12=0x0000000000000004 is an unknown value
R13=0x0000000000000020 is an unknown value
R14=0x000001fe7671c0c8 points into unknown readable memory: 0x00007ffc130cf160 | 60 f1 0c 13 fc 7f 00 00
R15=0x000001fe766ff438 points into unknown readable memory: 0x0000000000010101 | 01 01 01 00 00 00 00 00

Top of Stack: (sp=0x000000e2890fe5d0)
0x000000e2890fe5d0:   000001fe5fdd9310 000000e2890fe738
0x000000e2890fe5e0:   000000e2890ff1e0 0000000000000070
0x000000e2890fe5f0:   000001fe766ff3c0 00007ffc128d06eb
0x000000e2890fe600:   000000000000000f 0000000000000000
0x000000e2890fe610:   000001fe6b7610a0 000000e2890fe699
0x000000e2890fe620:   0000000f00000006 000001fe766ff3c0
0x000000e2890fe630:   0000000000000000 000001fe766ff1c8
0x000000e2890fe640:   000001fe76704ec8 00007ffc128d1927
0x000000e2890fe650:   00007ffc130d8f18 000000e2890fe738
0x000000e2890fe660:   000001fe766ff280 000001fe766ff1c8
0x000000e2890fe670:   000001fe766ff1f0 0000000f0000000f
0x000000e2890fe680:   000001fe766ff208 0000000000000000
0x000000e2890fe690:   00007ffc130d8d98 000000e2890fe650
0x000000e2890fe6a0:   0000000000000000 000000e2890fe799
0x000000e2890fe6b0:   00007ffc132ef530 000001fe5fdd9310
0x000000e2890fe6c0:   00000000000003d8 000000e2890ff1e0
0x000000e2890fe6d0:   000001fe5522e0e0 0000000000000000
0x000000e2890fe6e0:   00007ffc132ef530 000000e2890fea70
0x000000e2890fe6f0:   000000e2890fe799 00007ffc128995eb
0x000000e2890fe700:   000001fe6b82cab0 000001fe7671b540
0x000000e2890fe710:   000001fe766fcee0 0000000000010388
0x000000e2890fe720:   000001fe5fdd9310 00007ffc12883984
0x000000e2890fe730:   000000e2890fea70 000001fe767187b0
0x000000e2890fe740:   0000000000000000 00000000000003d8
0x000000e2890fe750:   00007ffc130d9ee0 000000e2890fea70
0x000000e2890fe760:   000001fe766feb20 0000000b0000000b
0x000000e2890fe770:   000001fe766fe2a0 0000000000000000
0x000000e2890fe780:   000001fe766fe2f8 000000000000002d
0x000000e2890fe790:   0000000000000001 0000000000000002
0x000000e2890fe7a0:   ffffffffffff0000 0000000000000000
0x000000e2890fe7b0:   0000000000000002 00007ffc12883400
0x000000e2890fe7c0:   000000000000002d 00007ffc1302b010 

Instructions: (pc=0x00007ffc12739b7d)
0x00007ffc12739a7d:   0b 00 48 8b 43 10 48 39 47 18 74 18 48 8b 43 08
0x00007ffc12739a8d:   48 89 47 10 48 8b 43 10 48 89 47 18 48 8b 43 18
0x00007ffc12739a9d:   48 89 47 20 48 8b 5c 24 30 48 83 c4 20 5f c3 cc
0x00007ffc12739aad:   cc cc cc 48 89 5c 24 10 56 48 83 ec 20 48 8b d9
0x00007ffc12739abd:   48 8b f2 8b 09 3b 4b 04 0f 85 b2 00 00 00 8d 41
0x00007ffc12739acd:   01 48 89 7c 24 30 85 c0 7e 04 85 c8 74 0c 0f bd
0x00007ffc12739add:   c8 b8 01 00 00 00 ff c1 d3 e0 4c 8b 43 10 ba 08
0x00007ffc12739aed:   00 00 00 89 43 04 8b c8 4d 85 c0 75 07 e8 61 4f
0x00007ffc12739afd:   39 00 eb 15 41 f6 c0 01 74 0a 49 d1 e8 e8 31 4f
0x00007ffc12739b0d:   39 00 eb 05 e8 ea 4e 39 00 33 d2 48 8b f8 39 13
0x00007ffc12739b1d:   7e 29 44 8b c2 0f 1f 40 00 66 66 0f 1f 84 00 00
0x00007ffc12739b2d:   00 00 00 48 8b 43 08 4d 8d 40 08 ff c2 49 8b 4c
0x00007ffc12739b3d:   00 f8 49 89 4c 38 f8 3b 13 7c e8 3b 53 04 7d 13
0x00007ffc12739b4d:   0f 1f 00 48 63 c2 33 c9 ff c2 48 89 0c c7 3b 53
0x00007ffc12739b5d:   04 7c f0 48 8b 4b 08 48 85 c9 74 0b f6 43 10 01
0x00007ffc12739b6d:   74 05 e8 0c 4f 39 00 48 89 7b 08 48 8b 7c 24 30
0x00007ffc12739b7d:   48 63 03 48 8b 53 08 8d 48 01 89 0b 48 8b 0e 48
0x00007ffc12739b8d:   8b 5c 24 38 48 89 0c c2 48 83 c4 20 5e c3 cc cc
0x00007ffc12739b9d:   cc cc cc 83 c1 fc 83 f9 0a 77 4f 48 63 c1 48 8d
0x00007ffc12739bad:   15 4e 64 ff ff 8b 8c 82 00 9c 00 00 48 03 ca ff
0x00007ffc12739bbd:   e1 33 c0 c3 b8 01 00 00 00 c3 b8 02 00 00 00 c3
0x00007ffc12739bcd:   b8 03 00 00 00 c3 b8 04 00 00 00 c3 b8 05 00 00
0x00007ffc12739bdd:   00 c3 b8 06 00 00 00 c3 b8 07 00 00 00 c3 b8 09
0x00007ffc12739bed:   00 00 00 c3 b8 08 00 00 00 c3 b8 0b 00 00 00 c3
0x00007ffc12739bfd:   0f 1f 00 c1 9b 00 00 c7 9b 00 00 df 9b 00 00 e5
0x00007ffc12739c0d:   9b 00 00 be 9b 00 00 cd 9b 00 00 d3 9b 00 00 d9
0x00007ffc12739c1d:   9b 00 00 f1 9b 00 00 f1 9b 00 00 eb 9b 00 00 cc
0x00007ffc12739c2d:   cc cc cc 8b c1 c3 cc cc cc cc cc cc cc cc cc cc
0x00007ffc12739c3d:   cc cc cc 83 c1 ad 81 f9 92 00 00 00 77 21 48 63
0x00007ffc12739c4d:   c1 48 8d 15 ab 63 ff ff 0f b6 84 02 78 9c 00 00
0x00007ffc12739c5d:   8b 8c 82 70 9c 00 00 48 03 ca ff e1 b0 01 c3 32
0x00007ffc12739c6d:   c0 c3 90 69 9c 00 00 6c 9c 00 00 00 01 01 01 01 


Stack slot to memory mapping:

stack at sp + 0 slots: 0x000001fe5fdd9310 is at code_begin+-112 in 
[CodeBlob (0x000001fe5fdd9310)]
Framesize: 0
BufferBlob (0x000001fe5fdd9310) used for C1 temporary CodeBuffer
stack at sp + 1 slots: 0x000000e2890fe738 is pointing into the stack for thread: 0x000001fe6b899670
stack at sp + 2 slots: 0x000000e2890ff1e0 is pointing into the stack for thread: 0x000001fe6b899670
stack at sp + 3 slots: 0x0000000000000070 is an unknown value
stack at sp + 4 slots: 0x000001fe766ff3c0 points into unknown readable memory: 0x000001fe766fda90 | 90 da 6f 76 fe 01 00 00
stack at sp + 5 slots: 0x00007ffc128d06eb jvm.dll
stack at sp + 6 slots: 0x000000000000000f is an unknown value
stack at sp + 7 slots: 0x0 is null


---------------  P R O C E S S  ---------------

Threads class SMR info:
_java_thread_list=0x000001fe736df540, length=30, elements={
0x000001fe56c2e140, 0x000001fe6b757620, 0x000001fe6b75a080, 0x000001fe6b75aad0,
0x000001fe6b75d530, 0x000001fe6b75e310, 0x000001fe6b766ad0, 0x000001fe6b78f280,
0x000001fe5fc78810, 0x000001fe6b899670, 0x000001fe6b824640, 0x000001fe6b824ce0,
0x000001fe6b92aa60, 0x000001fe6b92f300, 0x000001fe6b935ac0, 0x000001fe70028030,
0x000001fe6ba4c9a0, 0x000001fe70c24b20, 0x000001fe71182020, 0x000001fe71181300,
0x000001fe711826b0, 0x000001fe71183a60, 0x000001fe71fd9130, 0x000001fe71fda5a0,
0x000001fe73759a70, 0x000001fe7375c860, 0x000001fe7192d630, 0x000001fe743e49a0,
0x000001fe75608690, 0x000001fe75608000
}

Java Threads: ( => current thread )
  0x000001fe56c2e140 JavaThread "main"                              [_thread_blocked, id=2172, stack(0x000000e288000000,0x000000e288100000) (1024K)]
  0x000001fe6b757620 JavaThread "Reference Handler"          daemon [_thread_blocked, id=3212, stack(0x000000e288800000,0x000000e288900000) (1024K)]
  0x000001fe6b75a080 JavaThread "Finalizer"                  daemon [_thread_blocked, id=11072, stack(0x000000e288900000,0x000000e288a00000) (1024K)]
  0x000001fe6b75aad0 JavaThread "Signal Dispatcher"          daemon [_thread_blocked, id=3540, stack(0x000000e288a00000,0x000000e288b00000) (1024K)]
  0x000001fe6b75d530 JavaThread "Attach Listener"            daemon [_thread_blocked, id=9112, stack(0x000000e288b00000,0x000000e288c00000) (1024K)]
  0x000001fe6b75e310 JavaThread "Service Thread"             daemon [_thread_blocked, id=9788, stack(0x000000e288c00000,0x000000e288d00000) (1024K)]
  0x000001fe6b766ad0 JavaThread "Monitor Deflation Thread"   daemon [_thread_blocked, id=16648, stack(0x000000e288d00000,0x000000e288e00000) (1024K)]
  0x000001fe6b78f280 JavaThread "C1 CompilerThread0"         daemon [_thread_blocked, id=11000, stack(0x000000e288e00000,0x000000e288f00000) (1024K)]
  0x000001fe5fc78810 JavaThread "Common-Cleaner"             daemon [_thread_blocked, id=11812, stack(0x000000e288f00000,0x000000e289000000) (1024K)]
=>0x000001fe6b899670 JavaThread "C1 CompilerThread1"         daemon [_thread_in_native, id=16468, stack(0x000000e289000000,0x000000e289100000) (1024K)]
  0x000001fe6b824640 JavaThread "C1 CompilerThread2"         daemon [_thread_blocked, id=17396, stack(0x000000e289100000,0x000000e289200000) (1024K)]
  0x000001fe6b824ce0 JavaThread "C1 CompilerThread3"         daemon [_thread_blocked, id=17344, stack(0x000000e289200000,0x000000e289300000) (1024K)]
  0x000001fe6b92aa60 JavaThread "JDWP Transport Listener: dt_socket" daemon [_thread_blocked, id=17292, stack(0x000000e289300000,0x000000e289400000) (1024K)]
  0x000001fe6b92f300 JavaThread "JDWP Event Helper Thread"   daemon [_thread_blocked, id=9416, stack(0x000000e289400000,0x000000e289500000) (1024K)]
  0x000001fe6b935ac0 JavaThread "JDWP Command Reader"        daemon [_thread_in_native, id=13852, stack(0x000000e289500000,0x000000e289600000) (1024K)]
  0x000001fe70028030 JavaThread "IntelliJ Suspend Helper"    daemon [_thread_blocked, id=13984, stack(0x000000e289600000,0x000000e289700000) (1024K)]
  0x000001fe6ba4c9a0 JavaThread "Notification Thread"        daemon [_thread_blocked, id=12536, stack(0x000000e289700000,0x000000e289800000) (1024K)]
  0x000001fe70c24b20 JavaThread "RMI TCP Accept-0"           daemon [_thread_in_native, id=6832, stack(0x000000e28a200000,0x000000e28a300000) (1024K)]
  0x000001fe71182020 JavaThread "Thread-0"                          [_thread_blocked, id=10248, stack(0x000000e28a300000,0x000000e28a400000) (1024K)]
  0x000001fe71181300 JavaThread "restartedMain"                     [_thread_in_Java, id=10224, stack(0x000000e28a400000,0x000000e28a500000) (1024K)]
  0x000001fe711826b0 JavaThread "RMI TCP Connection(1)-192.168.1.9" daemon [_thread_in_native, id=12296, stack(0x000000e28a500000,0x000000e28a600000) (1024K)]
  0x000001fe71183a60 JavaThread "RMI Scheduler(0)"           daemon [_thread_blocked, id=9564, stack(0x000000e28a600000,0x000000e28a700000) (1024K)]
  0x000001fe71fd9130 JavaThread "C1 CompilerThread4"         daemon [_thread_blocked, id=10584, stack(0x000000e28ac00000,0x000000e28ad00000) (1024K)]
  0x000001fe71fda5a0 JavaThread "C1 CompilerThread5"         daemon [_thread_blocked, id=13824, stack(0x000000e28ad00000,0x000000e28ae00000) (1024K)]
  0x000001fe73759a70 JavaThread "Catalina-utility-1"                [_thread_blocked, id=17180, stack(0x000000e28ab00000,0x000000e28ac00000) (1024K)]
  0x000001fe7375c860 JavaThread "Catalina-utility-2"                [_thread_blocked, id=8932, stack(0x000000e28ae00000,0x000000e28af00000) (1024K)]
  0x000001fe7192d630 JavaThread "container-0"                       [_thread_blocked, id=14100, stack(0x000000e28af00000,0x000000e28b000000) (1024K)]
  0x000001fe743e49a0 JavaThread "mysql-cj-abandoned-connection-cleanup" daemon [_thread_blocked, id=10632, stack(0x000000e28b000000,0x000000e28b100000) (1024K)]
  0x000001fe75608690 JavaThread "HikariPool-1:housekeeper"   daemon [_thread_blocked, id=10928, stack(0x000000e28b200000,0x000000e28b300000) (1024K)]
  0x000001fe75608000 JavaThread "HikariPool-1:connection-adder" daemon [_thread_blocked, id=17128, stack(0x000000e28b300000,0x000000e28b400000) (1024K)]
Total: 30

Other Threads:
  0x000001fe5fc7eaf0 VMThread "VM Thread"                           [id=3444, stack(0x000000e288700000,0x000000e288800000) (1024K)]
  0x000001fe6b72ca00 WatcherThread "VM Periodic Task Thread"        [id=8652, stack(0x000000e288600000,0x000000e288700000) (1024K)]
  0x000001fe5fb4e960 WorkerThread "GC Thread#0"                     [id=11632, stack(0x000000e288100000,0x000000e288200000) (1024K)]
  0x000001fe70a363d0 WorkerThread "GC Thread#1"                     [id=3660, stack(0x000000e289800000,0x000000e289900000) (1024K)]
  0x000001fe70a609e0 WorkerThread "GC Thread#2"                     [id=4144, stack(0x000000e289900000,0x000000e289a00000) (1024K)]
  0x000001fe70a60d80 WorkerThread "GC Thread#3"                     [id=3436, stack(0x000000e289a00000,0x000000e289b00000) (1024K)]
  0x000001fe70a51cc0 WorkerThread "GC Thread#4"                     [id=2336, stack(0x000000e289b00000,0x000000e289c00000) (1024K)]
  0x000001fe70aa2fa0 WorkerThread "GC Thread#5"                     [id=5348, stack(0x000000e289c00000,0x000000e289d00000) (1024K)]
  0x000001fe70aa3340 WorkerThread "GC Thread#6"                     [id=3260, stack(0x000000e289d00000,0x000000e289e00000) (1024K)]
  0x000001fe70aa3af0 WorkerThread "GC Thread#7"                     [id=9700, stack(0x000000e289e00000,0x000000e289f00000) (1024K)]
  0x000001fe70aa3e90 WorkerThread "GC Thread#8"                     [id=3268, stack(0x000000e289f00000,0x000000e28a000000) (1024K)]
  0x000001fe70aa98c0 WorkerThread "GC Thread#9"                     [id=6560, stack(0x000000e28a000000,0x000000e28a100000) (1024K)]
  0x000001fe70aa9180 WorkerThread "GC Thread#10"                    [id=5156, stack(0x000000e28a100000,0x000000e28a200000) (1024K)]
  0x000001fe70e08e60 WorkerThread "GC Thread#11"                    [id=9344, stack(0x000000e28a800000,0x000000e28a900000) (1024K)]
  0x000001fe70e06dc0 WorkerThread "GC Thread#12"                    [id=10524, stack(0x000000e28a900000,0x000000e28aa00000) (1024K)]
  0x000001fe5fb5ef10 ConcurrentGCThread "G1 Main Marker"            [id=14004, stack(0x000000e288200000,0x000000e288300000) (1024K)]
  0x000001fe5fb60a60 WorkerThread "G1 Conc#0"                       [id=1004, stack(0x000000e288300000,0x000000e288400000) (1024K)]
  0x000001fe70e09200 WorkerThread "G1 Conc#1"                       [id=8088, stack(0x000000e28a700000,0x000000e28a800000) (1024K)]
  0x000001fe70e07fe0 WorkerThread "G1 Conc#2"                       [id=3156, stack(0x000000e28aa00000,0x000000e28ab00000) (1024K)]
  0x000001fe5fc1c7b0 ConcurrentGCThread "G1 Refine#0"               [id=3280, stack(0x000000e288400000,0x000000e288500000) (1024K)]
  0x000001fe5fc1efe0 ConcurrentGCThread "G1 Service"                [id=12440, stack(0x000000e288500000,0x000000e288600000) (1024K)]
Total: 21

Threads with active compile tasks:
C1 CompilerThread1     6581 6710       1       java.lang.invoke.LambdaFormBuffer::resultIndex (41 bytes)
Total: 1

VM state: not at safepoint (normal execution)

VM Mutex/Monitor currently owned by a thread: None

Heap address: 0x0000000709400000, size: 3948 MB, Compressed Oops mode: Zero based, Oop shift amount: 3

CDS archive(s) mapped at: [0x000001fe00000000-0x000001fe00c90000-0x000001fe00c90000), size 13172736, SharedBaseAddress: 0x000001fe00000000, ArchiveRelocationMode: 1.
Compressed class space mapped at: 0x000001fe01000000-0x000001fe41000000, reserved size: 1073741824
Narrow klass base: 0x000001fe00000000, Narrow klass shift: 0, Narrow klass range: 0x100000000

GC Precious Log:
 CardTable entry size: 512
 Card Set container configuration: InlinePtr #cards 4 size 8 Array Of Cards #cards 16 size 48 Howl #buckets 8 coarsen threshold 3686 Howl Bitmap #cards 512 size 80 coarsen threshold 460 Card regions per heap region 1 cards per card region 4096
 CPUs: 16 total, 16 available
 Memory: 15789M
 Large Page Support: Disabled
 NUMA Support: Disabled
 Compressed Oops: Enabled (Zero based)
 Heap Region Size: 2M
 Heap Min Capacity: 8M
 Heap Initial Capacity: 248M
 Heap Max Capacity: 3948M
 Pre-touch: Disabled
 Parallel Workers: 13
 Concurrent Workers: 3
 Concurrent Refinement Workers: 13
 Periodic GC: Disabled

Heap:
 garbage-first heap   total 155648K, used 40484K [0x0000000709400000, 0x0000000800000000)
  region size 2048K, 9 young (18432K), 4 survivors (8192K)
 Metaspace       used 73493K, committed 74176K, reserved 1114112K
  class space    used 9908K, committed 10240K, reserved 1048576K

Heap Regions: E=young(eden), S=young(survivor), O=old, HS=humongous(starts), HC=humongous(continues), CS=collection set, F=free, TAMS=top-at-mark-start, PB=parsable bottom
|   0|0x0000000709400000, 0x0000000709600000, 0x0000000709600000|100%| O|  |TAMS 0x0000000709400000| PB 0x0000000709400000| Untracked 
|   1|0x0000000709600000, 0x0000000709800000, 0x0000000709800000|100%| O|  |TAMS 0x0000000709600000| PB 0x0000000709600000| Untracked 
|   2|0x0000000709800000, 0x0000000709a00000, 0x0000000709a00000|100%| O|  |TAMS 0x0000000709800000| PB 0x0000000709800000| Untracked 
|   3|0x0000000709a00000, 0x0000000709c00000, 0x0000000709c00000|100%| O|  |TAMS 0x0000000709a00000| PB 0x0000000709a00000| Untracked 
|   4|0x0000000709c00000, 0x0000000709e00000, 0x0000000709e00000|100%| O|  |TAMS 0x0000000709c00000| PB 0x0000000709c00000| Untracked 
|   5|0x0000000709e00000, 0x000000070a000000, 0x000000070a000000|100%| O|  |TAMS 0x0000000709e00000| PB 0x0000000709e00000| Untracked 
|   6|0x000000070a000000, 0x000000070a200000, 0x000000070a200000|100%| O|  |TAMS 0x000000070a000000| PB 0x000000070a000000| Untracked 
|   7|0x000000070a200000, 0x000000070a400000, 0x000000070a400000|100%| O|  |TAMS 0x000000070a200000| PB 0x000000070a200000| Untracked 
|   8|0x000000070a400000, 0x000000070a400000, 0x000000070a600000|  0%| F|  |TAMS 0x000000070a400000| PB 0x000000070a400000| Untracked 
|   9|0x000000070a600000, 0x000000070a800000, 0x000000070a800000|100%| O|  |TAMS 0x000000070a600000| PB 0x000000070a600000| Untracked 
|  10|0x000000070a800000, 0x000000070aa00000, 0x000000070aa00000|100%| O|  |TAMS 0x000000070a800000| PB 0x000000070a800000| Untracked 
|  11|0x000000070aa00000, 0x000000070ac00000, 0x000000070ac00000|100%| O|  |TAMS 0x000000070aa00000| PB 0x000000070aa00000| Untracked 
|  12|0x000000070ac00000, 0x000000070ae00000, 0x000000070ae00000|100%| O|  |TAMS 0x000000070ac00000| PB 0x000000070ac00000| Untracked 
|  13|0x000000070ae00000, 0x000000070ae76e88, 0x000000070b000000| 23%| O|  |TAMS 0x000000070ae00000| PB 0x000000070ae00000| Untracked 
|  14|0x000000070b000000, 0x000000070b000000, 0x000000070b200000|  0%| F|  |TAMS 0x000000070b000000| PB 0x000000070b000000| Untracked 
|  15|0x000000070b200000, 0x000000070b200000, 0x000000070b400000|  0%| F|  |TAMS 0x000000070b200000| PB 0x000000070b200000| Untracked 
|  16|0x000000070b400000, 0x000000070b400000, 0x000000070b600000|  0%| F|  |TAMS 0x000000070b400000| PB 0x000000070b400000| Untracked 
|  17|0x000000070b600000, 0x000000070b600000, 0x000000070b800000|  0%| F|  |TAMS 0x000000070b600000| PB 0x000000070b600000| Untracked 
|  18|0x000000070b800000, 0x000000070b800000, 0x000000070ba00000|  0%| F|  |TAMS 0x000000070b800000| PB 0x000000070b800000| Untracked 
|  19|0x000000070ba00000, 0x000000070ba00000, 0x000000070bc00000|  0%| F|  |TAMS 0x000000070ba00000| PB 0x000000070ba00000| Untracked 
|  20|0x000000070bc00000, 0x000000070bc00000, 0x000000070be00000|  0%| F|  |TAMS 0x000000070bc00000| PB 0x000000070bc00000| Untracked 
|  21|0x000000070be00000, 0x000000070be00000, 0x000000070c000000|  0%| F|  |TAMS 0x000000070be00000| PB 0x000000070be00000| Untracked 
|  22|0x000000070c000000, 0x000000070c000000, 0x000000070c200000|  0%| F|  |TAMS 0x000000070c000000| PB 0x000000070c000000| Untracked 
|  23|0x000000070c200000, 0x000000070c200000, 0x000000070c400000|  0%| F|  |TAMS 0x000000070c200000| PB 0x000000070c200000| Untracked 
|  24|0x000000070c400000, 0x000000070c400000, 0x000000070c600000|  0%| F|  |TAMS 0x000000070c400000| PB 0x000000070c400000| Untracked 
|  25|0x000000070c600000, 0x000000070c600000, 0x000000070c800000|  0%| F|  |TAMS 0x000000070c600000| PB 0x000000070c600000| Untracked 
|  26|0x000000070c800000, 0x000000070c800000, 0x000000070ca00000|  0%| F|  |TAMS 0x000000070c800000| PB 0x000000070c800000| Untracked 
|  27|0x000000070ca00000, 0x000000070ca00000, 0x000000070cc00000|  0%| F|  |TAMS 0x000000070ca00000| PB 0x000000070ca00000| Untracked 
|  28|0x000000070cc00000, 0x000000070cc00000, 0x000000070ce00000|  0%| F|  |TAMS 0x000000070cc00000| PB 0x000000070cc00000| Untracked 
|  29|0x000000070ce00000, 0x000000070cf121e8, 0x000000070d000000| 53%| S|CS|TAMS 0x000000070ce00000| PB 0x000000070ce00000| Complete 
|  30|0x000000070d000000, 0x000000070d200000, 0x000000070d200000|100%| S|CS|TAMS 0x000000070d000000| PB 0x000000070d000000| Complete 
|  31|0x000000070d200000, 0x000000070d400000, 0x000000070d400000|100%| S|CS|TAMS 0x000000070d200000| PB 0x000000070d200000| Complete 
|  32|0x000000070d400000, 0x000000070d600000, 0x000000070d600000|100%| S|CS|TAMS 0x000000070d400000| PB 0x000000070d400000| Complete 
|  33|0x000000070d600000, 0x000000070d600000, 0x000000070d800000|  0%| F|  |TAMS 0x000000070d600000| PB 0x000000070d600000| Untracked 
|  34|0x000000070d800000, 0x000000070d800000, 0x000000070da00000|  0%| F|  |TAMS 0x000000070d800000| PB 0x000000070d800000| Untracked 
|  35|0x000000070da00000, 0x000000070da00000, 0x000000070dc00000|  0%| F|  |TAMS 0x000000070da00000| PB 0x000000070da00000| Untracked 
|  36|0x000000070dc00000, 0x000000070dc00000, 0x000000070de00000|  0%| F|  |TAMS 0x000000070dc00000| PB 0x000000070dc00000| Untracked 
|  37|0x000000070de00000, 0x000000070de00000, 0x000000070e000000|  0%| F|  |TAMS 0x000000070de00000| PB 0x000000070de00000| Untracked 
|  38|0x000000070e000000, 0x000000070e000000, 0x000000070e200000|  0%| F|  |TAMS 0x000000070e000000| PB 0x000000070e000000| Untracked 
|  39|0x000000070e200000, 0x000000070e200000, 0x000000070e400000|  0%| F|  |TAMS 0x000000070e200000| PB 0x000000070e200000| Untracked 
|  40|0x000000070e400000, 0x000000070e400000, 0x000000070e600000|  0%| F|  |TAMS 0x000000070e400000| PB 0x000000070e400000| Untracked 
|  41|0x000000070e600000, 0x000000070e600000, 0x000000070e800000|  0%| F|  |TAMS 0x000000070e600000| PB 0x000000070e600000| Untracked 
|  42|0x000000070e800000, 0x000000070e800000, 0x000000070ea00000|  0%| F|  |TAMS 0x000000070e800000| PB 0x000000070e800000| Untracked 
|  43|0x000000070ea00000, 0x000000070ea00000, 0x000000070ec00000|  0%| F|  |TAMS 0x000000070ea00000| PB 0x000000070ea00000| Untracked 
|  44|0x000000070ec00000, 0x000000070ec00000, 0x000000070ee00000|  0%| F|  |TAMS 0x000000070ec00000| PB 0x000000070ec00000| Untracked 
|  45|0x000000070ee00000, 0x000000070ee00000, 0x000000070f000000|  0%| F|  |TAMS 0x000000070ee00000| PB 0x000000070ee00000| Untracked 
|  46|0x000000070f000000, 0x000000070f000000, 0x000000070f200000|  0%| F|  |TAMS 0x000000070f000000| PB 0x000000070f000000| Untracked 
|  47|0x000000070f200000, 0x000000070f200000, 0x000000070f400000|  0%| F|  |TAMS 0x000000070f200000| PB 0x000000070f200000| Untracked 
|  48|0x000000070f400000, 0x000000070f400000, 0x000000070f600000|  0%| F|  |TAMS 0x000000070f400000| PB 0x000000070f400000| Untracked 
|  49|0x000000070f600000, 0x000000070f600000, 0x000000070f800000|  0%| F|  |TAMS 0x000000070f600000| PB 0x000000070f600000| Untracked 
|  50|0x000000070f800000, 0x000000070f800000, 0x000000070fa00000|  0%| F|  |TAMS 0x000000070f800000| PB 0x000000070f800000| Untracked 
|  51|0x000000070fa00000, 0x000000070fa00000, 0x000000070fc00000|  0%| F|  |TAMS 0x000000070fa00000| PB 0x000000070fa00000| Untracked 
|  52|0x000000070fc00000, 0x000000070fc00000, 0x000000070fe00000|  0%| F|  |TAMS 0x000000070fc00000| PB 0x000000070fc00000| Untracked 
|  53|0x000000070fe00000, 0x000000070fe00000, 0x0000000710000000|  0%| F|  |TAMS 0x000000070fe00000| PB 0x000000070fe00000| Untracked 
|  54|0x0000000710000000, 0x0000000710000000, 0x0000000710200000|  0%| F|  |TAMS 0x0000000710000000| PB 0x0000000710000000| Untracked 
|  55|0x0000000710200000, 0x0000000710200000, 0x0000000710400000|  0%| F|  |TAMS 0x0000000710200000| PB 0x0000000710200000| Untracked 
|  56|0x0000000710400000, 0x0000000710400000, 0x0000000710600000|  0%| F|  |TAMS 0x0000000710400000| PB 0x0000000710400000| Untracked 
|  57|0x0000000710600000, 0x0000000710600000, 0x0000000710800000|  0%| F|  |TAMS 0x0000000710600000| PB 0x0000000710600000| Untracked 
|  58|0x0000000710800000, 0x0000000710800000, 0x0000000710a00000|  0%| F|  |TAMS 0x0000000710800000| PB 0x0000000710800000| Untracked 
|  59|0x0000000710a00000, 0x0000000710a00000, 0x0000000710c00000|  0%| F|  |TAMS 0x0000000710a00000| PB 0x0000000710a00000| Untracked 
|  60|0x0000000710c00000, 0x0000000710c00000, 0x0000000710e00000|  0%| F|  |TAMS 0x0000000710c00000| PB 0x0000000710c00000| Untracked 
|  61|0x0000000710e00000, 0x0000000710e00000, 0x0000000711000000|  0%| F|  |TAMS 0x0000000710e00000| PB 0x0000000710e00000| Untracked 
|  62|0x0000000711000000, 0x0000000711000000, 0x0000000711200000|  0%| F|  |TAMS 0x0000000711000000| PB 0x0000000711000000| Untracked 
|  63|0x0000000711200000, 0x0000000711200000, 0x0000000711400000|  0%| F|  |TAMS 0x0000000711200000| PB 0x0000000711200000| Untracked 
|  64|0x0000000711400000, 0x0000000711400000, 0x0000000711600000|  0%| F|  |TAMS 0x0000000711400000| PB 0x0000000711400000| Untracked 
|  65|0x0000000711600000, 0x0000000711600000, 0x0000000711800000|  0%| F|  |TAMS 0x0000000711600000| PB 0x0000000711600000| Untracked 
|  66|0x0000000711800000, 0x0000000711800000, 0x0000000711a00000|  0%| F|  |TAMS 0x0000000711800000| PB 0x0000000711800000| Untracked 
|  67|0x0000000711a00000, 0x0000000711a00000, 0x0000000711c00000|  0%| F|  |TAMS 0x0000000711a00000| PB 0x0000000711a00000| Untracked 
|  68|0x0000000711c00000, 0x0000000711c00000, 0x0000000711e00000|  0%| F|  |TAMS 0x0000000711c00000| PB 0x0000000711c00000| Untracked 
|  69|0x0000000711e00000, 0x0000000711e00000, 0x0000000712000000|  0%| F|  |TAMS 0x0000000711e00000| PB 0x0000000711e00000| Untracked 
|  70|0x0000000712000000, 0x0000000712000000, 0x0000000712200000|  0%| F|  |TAMS 0x0000000712000000| PB 0x0000000712000000| Untracked 
|  71|0x0000000712200000, 0x0000000712307da0, 0x0000000712400000| 51%| E|  |TAMS 0x0000000712200000| PB 0x0000000712200000| Complete 
|  72|0x0000000712400000, 0x0000000712600000, 0x0000000712600000|100%| E|CS|TAMS 0x0000000712400000| PB 0x0000000712400000| Complete 
| 114|0x0000000717800000, 0x0000000717a00000, 0x0000000717a00000|100%| E|CS|TAMS 0x0000000717800000| PB 0x0000000717800000| Complete 
| 115|0x0000000717a00000, 0x0000000717c00000, 0x0000000717c00000|100%| E|CS|TAMS 0x0000000717a00000| PB 0x0000000717a00000| Complete 
| 123|0x0000000718a00000, 0x0000000718c00000, 0x0000000718c00000|100%| E|CS|TAMS 0x0000000718a00000| PB 0x0000000718a00000| Complete 

Card table byte_map: [0x000001fe64230000,0x000001fe649f0000] _byte_map_base: 0x000001fe609e6000

Marking Bits: (CMBitMap*) 0x000001fe5fb4ef70
 Bits: [0x000001fe649f0000, 0x000001fe687a0000)

Polling page: 0x000001fe552d0000

Metaspace:

Usage:
  Non-class:     62.10 MB used.
      Class:      9.68 MB used.
       Both:     71.78 MB used.

Virtual space:
  Non-class space:       64.00 MB reserved,      62.44 MB ( 98%) committed,  1 nodes.
      Class space:        1.00 GB reserved,      10.00 MB ( <1%) committed,  1 nodes.
             Both:        1.06 GB reserved,      72.44 MB (  7%) committed. 

Chunk freelists:
   Non-Class:  704.00 KB
       Class:  5.97 MB
        Both:  6.66 MB

MaxMetaspaceSize: unlimited
CompressedClassSpaceSize: 1.00 GB
Initial GC threshold: 21.00 MB
Current GC threshold: 78.25 MB
CDS: on
 - commit_granule_bytes: 65536.
 - commit_granule_words: 8192.
 - virtual_space_node_default_size: 8388608.
 - enlarge_chunks_in_place: 1.
 - use_allocation_guard: 0.


Internal statistics:

num_allocs_failed_limit: 8.
num_arena_births: 966.
num_arena_deaths: 0.
num_vsnodes_births: 2.
num_vsnodes_deaths: 0.
num_space_committed: 1159.
num_space_uncommitted: 0.
num_chunks_returned_to_freelist: 8.
num_chunks_taken_from_freelist: 3300.
num_chunk_merges: 8.
num_chunk_splits: 2415.
num_chunks_enlarged: 1885.
num_inconsistent_stats: 0.

CodeCache: size=49152Kb used=17713Kb max_used=17713Kb free=31439Kb
 bounds [0x000001fe5fc80000, 0x000001fe60dd0000, 0x000001fe62c80000]
 total_blobs=7475 nmethods=6734 adapters=660
 compilation: enabled
              stopped_count=0, restarted_count=0
 full_count=0

Compilation events (20 events):
Event: 6.530 Thread 0x000001fe71fd9130 6712       1       java.lang.invoke.LambdaFormEditor$TransformKey::withResult (17 bytes)
Event: 6.530 Thread 0x000001fe71fda5a0 nmethod 6708 0x000001fe60da1f10 code [0x000001fe60da20e0, 0x000001fe60da22b8]
Event: 6.530 Thread 0x000001fe6b824ce0 nmethod 6709 0x000001fe60da2510 code [0x000001fe60da26c0, 0x000001fe60da2818]
Event: 6.530 Thread 0x000001fe71fda5a0 6713       1       java.lang.invoke.LambdaFormEditor$Transform::<init> (17 bytes)
Event: 6.530 Thread 0x000001fe71fda5a0 nmethod 6713 0x000001fe60da2990 code [0x000001fe60da2b40, 0x000001fe60da2d60]
Event: 6.530 Thread 0x000001fe6b78f280 nmethod 6707 0x000001fe60da2e90 code [0x000001fe60da3080, 0x000001fe60da3670]
Event: 6.530 Thread 0x000001fe71fd9130 nmethod 6712 0x000001fe60da3c10 code [0x000001fe60da3dc0, 0x000001fe60da3fe0]
Event: 6.531 Thread 0x000001fe6b78f280 6716       1       java.lang.invoke.LambdaForm$NamedFunction::<init> (7 bytes)
Event: 6.531 Thread 0x000001fe6b78f280 nmethod 6716 0x000001fe60da5190 code [0x000001fe60da5320, 0x000001fe60da5468]
Event: 6.531 Thread 0x000001fe6b824640 nmethod 6711 0x000001fe60da5590 code [0x000001fe60da5900, 0x000001fe60da75d8]
Event: 6.538 Thread 0x000001fe6b78f280 6721       1       sun.security.ssl.SSLSocketInputRecord::readHeader (43 bytes)
Event: 6.539 Thread 0x000001fe71fd9130 6722       1       sun.security.ssl.Authenticator::increaseSequenceNumber (29 bytes)
Event: 6.539 Thread 0x000001fe6b78f280 nmethod 6721 0x000001fe60daa190 code [0x000001fe60daa340, 0x000001fe60daa470]
Event: 6.539 Thread 0x000001fe71fd9130 nmethod 6722 0x000001fe60daa610 code [0x000001fe60daa7a0, 0x000001fe60daa8c8]
Event: 6.539 Thread 0x000001fe6b78f280 6723   !   1       com.zaxxer.hikari.pool.HikariProxyResultSet::getString (18 bytes)
Event: 6.539 Thread 0x000001fe6b824640 6724   !   1       com.mysql.cj.jdbc.result.ResultSetImpl::getString (20 bytes)
Event: 6.539 Thread 0x000001fe6b78f280 nmethod 6723 0x000001fe60daaa10 code [0x000001fe60daabc0, 0x000001fe60daad38]
Event: 6.539 Thread 0x000001fe6b824640 nmethod 6724 0x000001fe60daaf10 code [0x000001fe60dab0e0, 0x000001fe60dab278]
Event: 6.541 Thread 0x000001fe6b824ce0 6725       1       com.mysql.cj.jdbc.StatementImpl::checkClosed (29 bytes)
Event: 6.541 Thread 0x000001fe6b824ce0 nmethod 6725 0x000001fe60dab490 code [0x000001fe60dab660, 0x000001fe60dab800]

GC Heap History (20 events):
Event: 2.331 GC heap before
{Heap before GC invocations=6 (full 0):
 garbage-first heap   total 55296K, used 22842K [0x0000000709400000, 0x0000000800000000)
  region size 2048K, 7 young (14336K), 2 survivors (4096K)
 Metaspace       used 28166K, committed 28608K, reserved 1114112K
  class space    used 3562K, committed 3776K, reserved 1048576K
}
Event: 2.334 GC heap after
{Heap after GC invocations=7 (full 0):
 garbage-first heap   total 55296K, used 15869K [0x0000000709400000, 0x0000000800000000)
  region size 2048K, 2 young (4096K), 2 survivors (4096K)
 Metaspace       used 28166K, committed 28608K, reserved 1114112K
  class space    used 3562K, committed 3776K, reserved 1048576K
}
Event: 2.651 GC heap before
{Heap before GC invocations=8 (full 0):
 garbage-first heap   total 55296K, used 42493K [0x0000000709400000, 0x0000000800000000)
  region size 2048K, 15 young (30720K), 2 survivors (4096K)
 Metaspace       used 31050K, committed 31616K, reserved 1114112K
  class space    used 3959K, committed 4224K, reserved 1048576K
}
Event: 2.654 GC heap after
{Heap after GC invocations=9 (full 0):
 garbage-first heap   total 55296K, used 18379K [0x0000000709400000, 0x0000000800000000)
  region size 2048K, 2 young (4096K), 2 survivors (4096K)
 Metaspace       used 31050K, committed 31616K, reserved 1114112K
  class space    used 3959K, committed 4224K, reserved 1048576K
}
Event: 2.945 GC heap before
{Heap before GC invocations=9 (full 0):
 garbage-first heap   total 55296K, used 42955K [0x0000000709400000, 0x0000000800000000)
  region size 2048K, 14 young (28672K), 2 survivors (4096K)
 Metaspace       used 33133K, committed 33664K, reserved 1114112K
  class space    used 4228K, committed 4480K, reserved 1048576K
}
Event: 2.948 GC heap after
{Heap after GC invocations=10 (full 0):
 garbage-first heap   total 55296K, used 20018K [0x0000000709400000, 0x0000000800000000)
  region size 2048K, 1 young (2048K), 1 survivors (2048K)
 Metaspace       used 33133K, committed 33664K, reserved 1114112K
  class space    used 4228K, committed 4480K, reserved 1048576K
}
Event: 3.433 GC heap before
{Heap before GC invocations=10 (full 0):
 garbage-first heap   total 55296K, used 44594K [0x0000000709400000, 0x0000000800000000)
  region size 2048K, 14 young (28672K), 1 survivors (2048K)
 Metaspace       used 35909K, committed 36416K, reserved 1114112K
  class space    used 4623K, committed 4864K, reserved 1048576K
}
Event: 3.435 GC heap after
{Heap after GC invocations=11 (full 0):
 garbage-first heap   total 55296K, used 21553K [0x0000000709400000, 0x0000000800000000)
  region size 2048K, 2 young (4096K), 2 survivors (4096K)
 Metaspace       used 35909K, committed 36416K, reserved 1114112K
  class space    used 4623K, committed 4864K, reserved 1048576K
}
Event: 3.852 GC heap before
{Heap before GC invocations=11 (full 0):
 garbage-first heap   total 55296K, used 46129K [0x0000000709400000, 0x0000000800000000)
  region size 2048K, 14 young (28672K), 2 survivors (4096K)
 Metaspace       used 38977K, committed 39488K, reserved 1114112K
  class space    used 5114K, committed 5376K, reserved 1048576K
}
Event: 3.857 GC heap after
{Heap after GC invocations=12 (full 0):
 garbage-first heap   total 55296K, used 23956K [0x0000000709400000, 0x0000000800000000)
  region size 2048K, 2 young (4096K), 2 survivors (4096K)
 Metaspace       used 38977K, committed 39488K, reserved 1114112K
  class space    used 5114K, committed 5376K, reserved 1048576K
}
Event: 4.174 GC heap before
{Heap before GC invocations=12 (full 0):
 garbage-first heap   total 55296K, used 46484K [0x0000000709400000, 0x0000000800000000)
  region size 2048K, 13 young (26624K), 2 survivors (4096K)
 Metaspace       used 41781K, committed 42368K, reserved 1114112K
  class space    used 5435K, committed 5696K, reserved 1048576K
}
Event: 4.177 GC heap after
{Heap after GC invocations=13 (full 0):
 garbage-first heap   total 55296K, used 26024K [0x0000000709400000, 0x0000000800000000)
  region size 2048K, 1 young (2048K), 1 survivors (2048K)
 Metaspace       used 41781K, committed 42368K, reserved 1114112K
  class space    used 5435K, committed 5696K, reserved 1048576K
}
Event: 4.468 GC heap before
{Heap before GC invocations=13 (full 0):
 garbage-first heap   total 55296K, used 46504K [0x0000000709400000, 0x0000000800000000)
  region size 2048K, 11 young (22528K), 1 survivors (2048K)
 Metaspace       used 45805K, committed 46464K, reserved 1114112K
  class space    used 6017K, committed 6336K, reserved 1048576K
}
Event: 4.470 GC heap after
{Heap after GC invocations=14 (full 0):
 garbage-first heap   total 55296K, used 27106K [0x0000000709400000, 0x0000000800000000)
  region size 2048K, 2 young (4096K), 2 survivors (4096K)
 Metaspace       used 45805K, committed 46464K, reserved 1114112K
  class space    used 6017K, committed 6336K, reserved 1048576K
}
Event: 4.573 GC heap before
{Heap before GC invocations=14 (full 0):
 garbage-first heap   total 55296K, used 33250K [0x0000000709400000, 0x0000000800000000)
  region size 2048K, 6 young (12288K), 2 survivors (4096K)
 Metaspace       used 47324K, committed 47936K, reserved 1114112K
  class space    used 6265K, committed 6528K, reserved 1048576K
}
Event: 4.576 GC heap after
{Heap after GC invocations=15 (full 0):
 garbage-first heap   total 55296K, used 27477K [0x0000000709400000, 0x0000000800000000)
  region size 2048K, 1 young (2048K), 1 survivors (2048K)
 Metaspace       used 47324K, committed 47936K, reserved 1114112K
  class space    used 6265K, committed 6528K, reserved 1048576K
}
Event: 4.912 GC heap before
{Heap before GC invocations=16 (full 0):
 garbage-first heap   total 55296K, used 45909K [0x0000000709400000, 0x0000000800000000)
  region size 2048K, 11 young (22528K), 1 survivors (2048K)
 Metaspace       used 53324K, committed 53952K, reserved 1114112K
  class space    used 7011K, committed 7296K, reserved 1048576K
}
Event: 4.914 GC heap after
{Heap after GC invocations=17 (full 0):
 garbage-first heap   total 155648K, used 29305K [0x0000000709400000, 0x0000000800000000)
  region size 2048K, 2 young (4096K), 2 survivors (4096K)
 Metaspace       used 53324K, committed 53952K, reserved 1114112K
  class space    used 7011K, committed 7296K, reserved 1048576K
}
Event: 6.385 GC heap before
{Heap before GC invocations=17 (full 0):
 garbage-first heap   total 155648K, used 115321K [0x0000000709400000, 0x0000000800000000)
  region size 2048K, 45 young (92160K), 2 survivors (4096K)
 Metaspace       used 71967K, committed 72640K, reserved 1114112K
  class space    used 9656K, committed 9984K, reserved 1048576K
}
Event: 6.391 GC heap after
{Heap after GC invocations=18 (full 0):
 garbage-first heap   total 155648K, used 32292K [0x0000000709400000, 0x0000000800000000)
  region size 2048K, 4 young (8192K), 4 survivors (8192K)
 Metaspace       used 71967K, committed 72640K, reserved 1114112K
  class space    used 9656K, committed 9984K, reserved 1048576K
}

Dll operation events (12 events):
Event: 0.017 Loaded shared library C:\Program Files\Java\jdk-21\bin\java.dll
Event: 0.018 Loaded shared library C:\Program Files\Java\jdk-21\bin\zip.dll
Event: 0.280 Loaded shared library C:\Program Files\Java\jdk-21\bin\instrument.dll
Event: 0.344 Loaded shared library C:\Program Files\Java\jdk-21\bin\jimage.dll
Event: 0.360 Loaded shared library C:\Program Files\Java\jdk-21\bin\net.dll
Event: 0.361 Loaded shared library C:\Program Files\Java\jdk-21\bin\nio.dll
Event: 0.372 Loaded shared library C:\Program Files\Java\jdk-21\bin\zip.dll
Event: 0.546 Loaded shared library C:\Program Files\Java\jdk-21\bin\management.dll
Event: 0.565 Loaded shared library C:\Program Files\Java\jdk-21\bin\management_ext.dll
Event: 0.892 Loaded shared library C:\Program Files\Java\jdk-21\bin\extnet.dll
Event: 2.402 Loaded shared library C:\Program Files\Java\jdk-21\bin\sunmscapi.dll
Event: 4.508 Loaded shared library C:\Program Files\Java\jdk-21\bin\verify.dll

Deoptimization events (20 events):
Event: 6.481 Thread 0x000001fe711826b0 DEOPT PACKING pc=0x000001fe60783c9c sp=0x000000e28a5fed60
Event: 6.481 Thread 0x000001fe711826b0 DEOPT UNPACKING pc=0x000001fe5fcd4e42 sp=0x000000e28a5fe250 mode 1
Event: 6.481 Thread 0x000001fe711826b0 DEOPT PACKING pc=0x000001fe6078a1f4 sp=0x000000e28a5fef00
Event: 6.481 Thread 0x000001fe711826b0 DEOPT UNPACKING pc=0x000001fe5fcd4e42 sp=0x000000e28a5fe3f0 mode 1
Event: 6.485 Thread 0x000001fe71181300 DEOPT PACKING pc=0x000001fe601df4d9 sp=0x000000e28a4fc2e0
Event: 6.485 Thread 0x000001fe71181300 DEOPT UNPACKING pc=0x000001fe5fcd4e42 sp=0x000000e28a4fb738 mode 1
Event: 6.485 Thread 0x000001fe71181300 DEOPT PACKING pc=0x000001fe601debac sp=0x000000e28a4fc370
Event: 6.485 Thread 0x000001fe71181300 DEOPT UNPACKING pc=0x000001fe5fcd4e42 sp=0x000000e28a4fb818 mode 1
Event: 6.485 Thread 0x000001fe71181300 DEOPT PACKING pc=0x000001fe6023b814 sp=0x000000e28a4fcdf0
Event: 6.485 Thread 0x000001fe71181300 DEOPT UNPACKING pc=0x000001fe5fcd4e42 sp=0x000000e28a4fc2b8 mode 1
Event: 6.485 Thread 0x000001fe71181300 DEOPT PACKING pc=0x000001fe60b501f4 sp=0x000000e28a4fce80
Event: 6.485 Thread 0x000001fe71181300 DEOPT UNPACKING pc=0x000001fe5fcd4e42 sp=0x000000e28a4fc310 mode 1
Event: 6.485 Thread 0x000001fe71181300 DEOPT PACKING pc=0x000001fe601df4d9 sp=0x000000e28a4fc2e0
Event: 6.485 Thread 0x000001fe71181300 DEOPT UNPACKING pc=0x000001fe5fcd4e42 sp=0x000000e28a4fb738 mode 1
Event: 6.485 Thread 0x000001fe71181300 DEOPT PACKING pc=0x000001fe601debac sp=0x000000e28a4fc370
Event: 6.485 Thread 0x000001fe71181300 DEOPT UNPACKING pc=0x000001fe5fcd4e42 sp=0x000000e28a4fb818 mode 1
Event: 6.485 Thread 0x000001fe71181300 DEOPT PACKING pc=0x000001fe6023b814 sp=0x000000e28a4fcdf0
Event: 6.485 Thread 0x000001fe71181300 DEOPT UNPACKING pc=0x000001fe5fcd4e42 sp=0x000000e28a4fc2b8 mode 1
Event: 6.485 Thread 0x000001fe71181300 DEOPT PACKING pc=0x000001fe60b501f4 sp=0x000000e28a4fce80
Event: 6.485 Thread 0x000001fe71181300 DEOPT UNPACKING pc=0x000001fe5fcd4e42 sp=0x000000e28a4fc310 mode 1

Classes loaded (20 events):
Event: 6.534 Loading class com/zaxxer/hikari/pool/ProxyPreparedStatement
Event: 6.534 Loading class com/zaxxer/hikari/pool/ProxyPreparedStatement done
Event: 6.535 Loading class com/mysql/cj/jdbc/result/ResultSetMetaData
Event: 6.535 Loading class com/mysql/cj/jdbc/result/ResultSetMetaData done
Event: 6.536 Loading class com/mysql/cj/jdbc/result/ResultSetMetaData$1
Event: 6.536 Loading class com/mysql/cj/jdbc/result/ResultSetMetaData$1 done
Event: 6.537 Loading class org/hibernate/tool/schema/extract/internal/ForeignKeyInformationImpl$ColumnReferenceMappingImpl
Event: 6.537 Loading class org/hibernate/tool/schema/extract/internal/ForeignKeyInformationImpl$ColumnReferenceMappingImpl done
Event: 6.537 Loading class org/hibernate/tool/schema/extract/spi/ForeignKeyInformation$ColumnReferenceMapping
Event: 6.537 Loading class org/hibernate/tool/schema/extract/spi/ForeignKeyInformation$ColumnReferenceMapping done
Event: 6.540 Loading class org/hibernate/tool/schema/extract/internal/ForeignKeyInformationImpl
Event: 6.540 Loading class org/hibernate/tool/schema/extract/internal/ForeignKeyInformationImpl done
Event: 6.540 Loading class org/hibernate/tool/schema/extract/spi/ForeignKeyInformation
Event: 6.540 Loading class org/hibernate/tool/schema/extract/spi/ForeignKeyInformation done
Event: 6.540 Loading class org/hibernate/tool/schema/extract/spi/ForeignKeyInformation
Event: 6.540 Loading class org/hibernate/tool/schema/extract/spi/ForeignKeyInformation done
Event: 6.540 Loading class org/hibernate/tool/schema/extract/spi/ForeignKeyInformation$ColumnReferenceMapping
Event: 6.540 Loading class org/hibernate/tool/schema/extract/spi/ForeignKeyInformation$ColumnReferenceMapping done
Event: 6.540 Loading class org/hibernate/tool/schema/extract/spi/ForeignKeyInformation$ColumnReferenceMapping
Event: 6.540 Loading class org/hibernate/tool/schema/extract/spi/ForeignKeyInformation$ColumnReferenceMapping done

Classes unloaded (0 events):
No events

Classes redefined (1 events):
Event: 0.316 Thread 0x000001fe5fc7eaf0 redefined class name=java.lang.Throwable, count=1

Internal exceptions (20 events):
Event: 5.673 Thread 0x000001fe71181300 Exception <a 'java/lang/NoSuchMethodError'{0x000000070fc02748}: 'java.lang.Object java.lang.invoke.DirectMethodHandle$Holder.invokeStatic(java.lang.Object, java.lang.Object, int, java.lang.Object)'> (0x000000070fc02748) 
thrown [s\open\src\hotspot\share\interpreter\linkResolver.cpp, line 773]
Event: 5.673 Thread 0x000001fe71181300 Exception <a 'java/lang/NoSuchMethodError'{0x000000070fc05f70}: 'java.lang.Object java.lang.invoke.DirectMethodHandle$Holder.invokeStaticInit(java.lang.Object, java.lang.Object, int, java.lang.Object)'> (0x000000070fc05f70) 
thrown [s\open\src\hotspot\share\interpreter\linkResolver.cpp, line 773]
Event: 6.219 Thread 0x000001fe71181300 Exception <a 'java/lang/NoSuchMethodError'{0x000000070de711e8}: 'void java.lang.invoke.DirectMethodHandle$Holder.invokeStaticInit(java.lang.Object, int, java.lang.Object, java.lang.Object, java.lang.Object, java.lang.Object)'> (0x000000070de711e8) 
thrown [s\open\src\hotspot\share\interpreter\linkResolver.cpp, line 773]
Event: 6.244 Thread 0x000001fe71181300 Exception <a 'java/lang/NoSuchMethodError'{0x000000070dfc3348}: 'int java.lang.invoke.DirectMethodHandle$Holder.invokeStatic(java.lang.Object, java.lang.Object, java.lang.Object, java.lang.Object, java.lang.Object, java.lang.Object)'> (0x000000070dfc3348) 
thrown [s\open\src\hotspot\share\interpreter\linkResolver.cpp, line 773]
Event: 6.249 Thread 0x000001fe71181300 Exception <a 'java/lang/NoSuchMethodError'{0x000000070dfef880}: 'int java.lang.invoke.DirectMethodHandle$Holder.invokeStatic(java.lang.Object, java.lang.Object, java.lang.Object, java.lang.Object, java.lang.Object)'> (0x000000070dfef880) 
thrown [s\open\src\hotspot\share\interpreter\linkResolver.cpp, line 773]
Event: 6.276 Thread 0x000001fe71181300 Exception <a 'java/lang/NoSuchMethodError'{0x000000070dd2fd08}: 'void java.lang.invoke.DirectMethodHandle$Holder.invokeInterface(java.lang.Object, java.lang.Object, int, java.lang.Object)'> (0x000000070dd2fd08) 
thrown [s\open\src\hotspot\share\interpreter\linkResolver.cpp, line 773]
Event: 6.279 Thread 0x000001fe71181300 Exception <a 'java/lang/NoSuchMethodError'{0x000000070dd59a60}: 'java.lang.Object java.lang.invoke.DirectMethodHandle$Holder.newInvokeSpecial(java.lang.Object, java.lang.Object, int, java.lang.Object)'> (0x000000070dd59a60) 
thrown [s\open\src\hotspot\share\interpreter\linkResolver.cpp, line 773]
Event: 6.279 Thread 0x000001fe71181300 Exception <a 'java/lang/NoSuchMethodError'{0x000000070dd5d3f0}: 'java.lang.Object java.lang.invoke.Invokers$Holder.linkToTargetMethod(java.lang.Object, int, java.lang.Object, java.lang.Object)'> (0x000000070dd5d3f0) 
thrown [s\open\src\hotspot\share\interpreter\linkResolver.cpp, line 773]
Event: 6.294 Thread 0x000001fe71181300 Exception <a 'java/lang/NoSuchMethodError'{0x000000070da54d80}: 'void java.lang.invoke.DirectMethodHandle$Holder.invokeSpecial(java.lang.Object, java.lang.Object, java.lang.Object, java.lang.Object, java.lang.Object, java.lang.Object, java.lang.Object, java.lang.Object)'> (0x000000070da54d80) 
thrown [s\open\src\hotspot\share\interpreter\linkResolver.cpp, line 773]
Event: 6.298 Thread 0x000001fe71181300 Exception <a 'java/lang/NoSuchMethodError'{0x000000070da998c0}: 'void java.lang.invoke.DirectMethodHandle$Holder.invokeSpecial(java.lang.Object, java.lang.Object, int, java.lang.Object)'> (0x000000070da998c0) 
thrown [s\open\src\hotspot\share\interpreter\linkResolver.cpp, line 773]
Event: 6.322 Thread 0x000001fe71181300 Exception <a 'java/lang/NoSuchMethodError'{0x000000070d85e6f8}: 'int java.lang.invoke.DirectMethodHandle$Holder.invokeStatic(java.lang.Object, int, java.lang.Object)'> (0x000000070d85e6f8) 
thrown [s\open\src\hotspot\share\interpreter\linkResolver.cpp, line 773]
Event: 6.324 Thread 0x000001fe71181300 Exception <a 'java/lang/NoSuchMethodError'{0x000000070d87c7d0}: 'java.lang.Object java.lang.invoke.DirectMethodHandle$Holder.newInvokeSpecial(java.lang.Object, java.lang.Object, java.lang.Object, java.lang.Object, java.lang.Object, int, java.lang.Object)'> (0x000000070d87c7d0) 
thrown [s\open\src\hotspot\share\interpreter\linkResolver.cpp, line 773]
Event: 6.329 Thread 0x000001fe71181300 Exception <a 'java/lang/NoSuchMethodError'{0x000000070d8b6180}: 'java.lang.Object java.lang.invoke.Invokers$Holder.linkToTargetMethod(java.lang.Object, java.lang.Object, java.lang.Object, java.lang.Object, java.lang.Object, java.lang.Object, java.lang.Object, java.lang.Object, java.lang.Object, java.lang.Object, java.lang.Object, java.lang.Object)'> (0x000000070d8b6180) 
thrown [s\open\src\hotspot\share\interpreter\linkResolver.cpp, line 773]
Event: 6.340 Thread 0x000001fe71181300 Exception <a 'java/lang/IncompatibleClassChangeError'{0x000000070d9654a0}: Found class java.lang.Object, but interface was expected> (0x000000070d9654a0) 
thrown [s\open\src\hotspot\share\interpreter\linkResolver.cpp, line 840]
Event: 6.356 Thread 0x000001fe71181300 Exception <a 'java/lang/IncompatibleClassChangeError'{0x000000070d6779a8}: Found class java.lang.Object, but interface was expected> (0x000000070d6779a8) 
thrown [s\open\src\hotspot\share\interpreter\linkResolver.cpp, line 840]
Event: 6.366 Thread 0x000001fe71181300 Exception <a 'java/lang/NoSuchMethodError'{0x000000070d71b4e0}: 'java.lang.Object java.lang.invoke.DirectMethodHandle$Holder.newInvokeSpecial(java.lang.Object, java.lang.Object, int, java.lang.Object, int, java.lang.Object, java.lang.Object)'> (0x000000070d71b4e0) 
thrown [s\open\src\hotspot\share\interpreter\linkResolver.cpp, line 773]
Event: 6.371 Thread 0x000001fe71181300 Exception <a 'java/lang/NoSuchMethodError'{0x000000070d768fb8}: 'java.lang.Object java.lang.invoke.DirectMethodHandle$Holder.newInvokeSpecial(java.lang.Object, java.lang.Object, java.lang.Object, java.lang.Object, java.lang.Object, java.lang.Object, java.lang.Object, int)'> (0x000000070d768fb8) 
thrown [s\open\src\hotspot\share\interpreter\linkResolver.cpp, line 773]
Event: 6.371 Thread 0x000001fe71181300 Exception <a 'java/lang/NoSuchMethodError'{0x000000070d76d588}: 'java.lang.Object java.lang.invoke.DirectMethodHandle$Holder.invokeSpecial(java.lang.Object, java.lang.Object, java.lang.Object, java.lang.Object, java.lang.Object, java.lang.Object, java.lang.Object, java.lang.Object, int)'> (0x000000070d76d588) 
thrown [s\open\src\hotspot\share\interpreter\linkResolver.cpp, line 773]
Event: 6.371 Thread 0x000001fe71181300 Exception <a 'java/lang/NoSuchMethodError'{0x000000070d7715d0}: 'java.lang.Object java.lang.invoke.Invokers$Holder.linkToTargetMethod(java.lang.Object, java.lang.Object, java.lang.Object, java.lang.Object, java.lang.Object, java.lang.Object, int, java.lang.Object)'> (0x000000070d7715d0) 
thrown [s\open\src\hotspot\share\interpreter\linkResolver.cpp, line 773]
Event: 6.532 Thread 0x000001fe71181300 Exception <a 'java/lang/NoSuchMethodError'{0x0000000712535f18}: 'java.lang.Object java.lang.invoke.DirectMethodHandle$Holder.invokeSpecial(java.lang.Object, java.lang.Object, int, java.lang.Object, int)'> (0x0000000712535f18) 
thrown [s\open\src\hotspot\share\interpreter\linkResolver.cpp, line 773]

ZGC Phase Switch (0 events):
No events

VM Operations (20 events):
Event: 5.624 Executing VM operation: ICBufferFull
Event: 5.625 Executing VM operation: ICBufferFull done
Event: 5.948 Executing VM operation: HandshakeAllThreads (Deoptimize)
Event: 5.948 Executing VM operation: HandshakeAllThreads (Deoptimize) done
Event: 5.952 Executing VM operation: HandshakeAllThreads (Deoptimize)
Event: 5.953 Executing VM operation: HandshakeAllThreads (Deoptimize) done
Event: 5.981 Executing VM operation: HandshakeAllThreads (Deoptimize)
Event: 5.981 Executing VM operation: HandshakeAllThreads (Deoptimize) done
Event: 6.089 Executing VM operation: HandshakeAllThreads (Deoptimize)
Event: 6.089 Executing VM operation: HandshakeAllThreads (Deoptimize) done
Event: 6.142 Executing VM operation: ICBufferFull
Event: 6.142 Executing VM operation: ICBufferFull done
Event: 6.382 Executing VM operation: HandshakeAllThreads (Deoptimize)
Event: 6.382 Executing VM operation: HandshakeAllThreads (Deoptimize) done
Event: 6.385 Executing VM operation: G1CollectForAllocation (G1 Evacuation Pause)
Event: 6.391 Executing VM operation: G1CollectForAllocation (G1 Evacuation Pause) done
Event: 6.477 Executing VM operation: HandshakeAllThreads (Deoptimize)
Event: 6.477 Executing VM operation: HandshakeAllThreads (Deoptimize) done
Event: 6.501 Executing VM operation: HandshakeAllThreads (Deoptimize)
Event: 6.501 Executing VM operation: HandshakeAllThreads (Deoptimize) done

Events (20 events):
Event: 4.588 Thread 0x000001fe5fc7eaf0 flushing nmethod 0x000001fe600f9510
Event: 4.588 Thread 0x000001fe5fc7eaf0 flushing nmethod 0x000001fe602b8e10
Event: 4.588 Thread 0x000001fe5fc7eaf0 flushing nmethod 0x000001fe603a7190
Event: 4.588 Thread 0x000001fe5fc7eaf0 flushing nmethod 0x000001fe600ba010
Event: 4.588 Thread 0x000001fe5fc7eaf0 flushing nmethod 0x000001fe60174e90
Event: 4.588 Thread 0x000001fe5fc7eaf0 flushing nmethod 0x000001fe60176c10
Event: 4.588 Thread 0x000001fe5fc7eaf0 flushing nmethod 0x000001fe60675390
Event: 4.588 Thread 0x000001fe5fc7eaf0 flushing nmethod 0x000001fe600cc790
Event: 4.588 Thread 0x000001fe5fc7eaf0 flushing nmethod 0x000001fe603cad10
Event: 4.588 Thread 0x000001fe5fc7eaf0 flushing nmethod 0x000001fe6061b110
Event: 4.958 Thread 0x000001fe74d319d0 Thread added: 0x000001fe74d319d0
Event: 4.962 Thread 0x000001fe74d319d0 Thread exited: 0x000001fe74d319d0
Event: 5.061 Thread 0x000001fe75608690 Thread added: 0x000001fe75608690
Event: 5.180 Thread 0x000001fe75608000 Thread added: 0x000001fe75608000
Event: 5.464 Thread 0x000001fe7560c1a0 Thread added: 0x000001fe7560c1a0
Event: 5.469 Thread 0x000001fe7560c1a0 Thread exited: 0x000001fe7560c1a0
Event: 5.970 Thread 0x000001fe76368230 Thread added: 0x000001fe76368230
Event: 5.975 Thread 0x000001fe76368230 Thread exited: 0x000001fe76368230
Event: 6.478 Thread 0x000001fe7636c3d0 Thread added: 0x000001fe7636c3d0
Event: 6.482 Thread 0x000001fe7636c3d0 Thread exited: 0x000001fe7636c3d0


Dynamic libraries:
0x00007ff6f21b0000 - 0x00007ff6f21c0000 	C:\Program Files\Java\jdk-21\bin\java.exe
0x00007ffc52280000 - 0x00007ffc524e3000 	C:\WINDOWS\SYSTEM32\ntdll.dll
0x00007ffc50100000 - 0x00007ffc501c7000 	C:\WINDOWS\System32\KERNEL32.DLL
0x00007ffc4f9e0000 - 0x00007ffc4fd81000 	C:\WINDOWS\System32\KERNELBASE.dll
0x00007ffc4ffb0000 - 0x00007ffc500fb000 	C:\WINDOWS\System32\ucrtbase.dll
0x00007ffc3ade0000 - 0x00007ffc3adf9000 	C:\Program Files\Java\jdk-21\bin\jli.dll
0x00007ffc3adc0000 - 0x00007ffc3addb000 	C:\Program Files\Java\jdk-21\bin\VCRUNTIME140.dll
0x00007ffc51e00000 - 0x00007ffc51eb2000 	C:\WINDOWS\System32\ADVAPI32.dll
0x00007ffc50f90000 - 0x00007ffc51039000 	C:\WINDOWS\System32\msvcrt.dll
0x00007ffc516d0000 - 0x00007ffc51777000 	C:\WINDOWS\System32\sechost.dll
0x00007ffc505a0000 - 0x00007ffc506b6000 	C:\WINDOWS\System32\RPCRT4.dll
0x00007ffc506c0000 - 0x00007ffc50883000 	C:\WINDOWS\System32\USER32.dll
0x00007ffc4fec0000 - 0x00007ffc4fee7000 	C:\WINDOWS\System32\win32u.dll
0x00007ffc501e0000 - 0x00007ffc5020a000 	C:\WINDOWS\System32\GDI32.dll
0x00007ffc4fd90000 - 0x00007ffc4feb1000 	C:\WINDOWS\System32\gdi32full.dll
0x00007ffc3e170000 - 0x00007ffc3e400000 	C:\WINDOWS\WinSxS\amd64_microsoft.windows.common-controls_6595b64144ccf1df_6.0.26100.1591_none_3e0fac18e32dc903\COMCTL32.dll
0x00007ffc4f710000 - 0x00007ffc4f7b3000 	C:\WINDOWS\System32\msvcp_win.dll
0x00007ffc47070000 - 0x00007ffc4707b000 	C:\WINDOWS\SYSTEM32\VERSION.dll
0x00007ffc51fc0000 - 0x00007ffc51fef000 	C:\WINDOWS\System32\IMM32.DLL
0x00007ffc3adb0000 - 0x00007ffc3adbc000 	C:\Program Files\Java\jdk-21\bin\vcruntime140_1.dll
0x00007ffc3ad20000 - 0x00007ffc3adae000 	C:\Program Files\Java\jdk-21\bin\msvcp140.dll
0x00007ffc12730000 - 0x00007ffc1344d000 	C:\Program Files\Java\jdk-21\bin\server\jvm.dll
0x00007ffc51ec0000 - 0x00007ffc51f34000 	C:\WINDOWS\System32\WS2_32.dll
0x00007ffc4f530000 - 0x00007ffc4f57e000 	C:\WINDOWS\SYSTEM32\POWRPROF.dll
0x00007ffc45d20000 - 0x00007ffc45d56000 	C:\WINDOWS\SYSTEM32\WINMM.dll
0x00007ffc4f510000 - 0x00007ffc4f524000 	C:\WINDOWS\SYSTEM32\UMPDC.dll
0x00007ffc4e4f0000 - 0x00007ffc4e50a000 	C:\WINDOWS\SYSTEM32\kernel.appcore.dll
0x00007ffc3ad10000 - 0x00007ffc3ad1a000 	C:\Program Files\Java\jdk-21\bin\jimage.dll
0x00007ffc461d0000 - 0x00007ffc46411000 	C:\WINDOWS\SYSTEM32\DBGHELP.DLL
0x00007ffc51860000 - 0x00007ffc51bdc000 	C:\WINDOWS\System32\combase.dll
0x00007ffc52000000 - 0x00007ffc520d6000 	C:\WINDOWS\System32\OLEAUT32.dll
0x00007ffc35cd0000 - 0x00007ffc35d09000 	C:\WINDOWS\SYSTEM32\dbgcore.DLL
0x00007ffc4f7c0000 - 0x00007ffc4f859000 	C:\WINDOWS\System32\bcryptPrimitives.dll
0x00007ffc3acb0000 - 0x00007ffc3acec000 	C:\Program Files\Java\jdk-21\bin\jdwp.dll
0x00007ffc3aa50000 - 0x00007ffc3aa5f000 	C:\Program Files\Java\jdk-21\bin\instrument.dll
0x00007ffc3acf0000 - 0x00007ffc3ad0f000 	C:\Program Files\Java\jdk-21\bin\java.dll
0x00007ffc3a350000 - 0x00007ffc3a561000 	C:\Users\trung\AppData\Local\Temp\idea_libasyncProfiler_dll_temp_folder9\libasyncProfiler.dll
0x00007ffc3a950000 - 0x00007ffc3a968000 	C:\Program Files\Java\jdk-21\bin\zip.dll
0x00007ffc50890000 - 0x00007ffc50f86000 	C:\WINDOWS\System32\SHELL32.dll
0x00007ffc4d430000 - 0x00007ffc4dc5a000 	C:\WINDOWS\SYSTEM32\windows.storage.dll
0x00007ffc504c0000 - 0x00007ffc50593000 	C:\WINDOWS\System32\SHCORE.dll
0x00007ffc514d0000 - 0x00007ffc5152d000 	C:\WINDOWS\System32\shlwapi.dll
0x00007ffc4f5b0000 - 0x00007ffc4f5d9000 	C:\WINDOWS\SYSTEM32\profapi.dll
0x00007ffc3a910000 - 0x00007ffc3a91c000 	C:\Program Files\Java\jdk-21\bin\dt_socket.dll
0x00007ffc4def0000 - 0x00007ffc4df22000 	C:\WINDOWS\SYSTEM32\IPHLPAPI.DLL
0x00007ffc4e9f0000 - 0x00007ffc4ea58000 	C:\WINDOWS\system32\mswsock.dll
0x00007ffc3a940000 - 0x00007ffc3a950000 	C:\Program Files\Java\jdk-21\bin\net.dll
0x00007ffc4a340000 - 0x00007ffc4a466000 	C:\WINDOWS\SYSTEM32\WINHTTP.dll
0x00007ffc3a920000 - 0x00007ffc3a936000 	C:\Program Files\Java\jdk-21\bin\nio.dll
0x00007ffc4df80000 - 0x00007ffc4e0a0000 	C:\WINDOWS\SYSTEM32\DNSAPI.dll
0x00007ffc501d0000 - 0x00007ffc501da000 	C:\WINDOWS\System32\NSI.dll
0x00007ffc3aec0000 - 0x00007ffc3aecb000 	C:\Windows\System32\rasadhlp.dll
0x00007ffc490b0000 - 0x00007ffc49136000 	C:\WINDOWS\System32\fwpuclnt.dll
0x00007ffc3a8e0000 - 0x00007ffc3a8ea000 	C:\Program Files\Java\jdk-21\bin\management.dll
0x00007ffc3a8d0000 - 0x00007ffc3a8db000 	C:\Program Files\Java\jdk-21\bin\management_ext.dll
0x00007ffc51c90000 - 0x00007ffc51c98000 	C:\WINDOWS\System32\PSAPI.DLL
0x00007ffc4ec90000 - 0x00007ffc4ecac000 	C:\WINDOWS\SYSTEM32\CRYPTSP.dll
0x00007ffc4e450000 - 0x00007ffc4e488000 	C:\WINDOWS\system32\rsaenh.dll
0x00007ffc4ea90000 - 0x00007ffc4eabb000 	C:\WINDOWS\SYSTEM32\USERENV.dll
0x00007ffc4eee0000 - 0x00007ffc4ef06000 	C:\WINDOWS\SYSTEM32\bcrypt.dll
0x00007ffc4ecb0000 - 0x00007ffc4ecbc000 	C:\WINDOWS\SYSTEM32\CRYPTBASE.dll
0x00007ffc327f0000 - 0x00007ffc32808000 	C:\WINDOWS\system32\napinsp.dll
0x00007ffc32130000 - 0x00007ffc32142000 	C:\WINDOWS\System32\winrnr.dll
0x00007ffc32100000 - 0x00007ffc32122000 	C:\WINDOWS\system32\nlansp_c.dll
0x00007ffc494a0000 - 0x00007ffc494b6000 	C:\WINDOWS\system32\wshbth.dll
0x00007ffc3a8f0000 - 0x00007ffc3a8f9000 	C:\Program Files\Java\jdk-21\bin\extnet.dll
0x00007ffc3a900000 - 0x00007ffc3a90e000 	C:\Program Files\Java\jdk-21\bin\sunmscapi.dll
0x00007ffc4f860000 - 0x00007ffc4f9d6000 	C:\WINDOWS\System32\CRYPT32.dll
0x00007ffc4eea0000 - 0x00007ffc4eed0000 	C:\WINDOWS\SYSTEM32\ncrypt.dll
0x00007ffc4ee50000 - 0x00007ffc4ee8f000 	C:\WINDOWS\SYSTEM32\NTASN1.dll
0x00007ffc3a800000 - 0x00007ffc3a810000 	C:\Program Files\Java\jdk-21\bin\verify.dll

dbghelp: loaded successfully - version: 4.0.5 - missing functions: none
symbol engine: initialized successfully - sym options: 0x614 - pdb path: .;C:\Program Files\Java\jdk-21\bin;C:\WINDOWS\SYSTEM32;C:\WINDOWS\WinSxS\amd64_microsoft.windows.common-controls_6595b64144ccf1df_6.0.26100.1591_none_3e0fac18e32dc903;C:\Program Files\Java\jdk-21\bin\server;C:\Users\trung\AppData\Local\Temp\idea_libasyncProfiler_dll_temp_folder9

VM Arguments:
jvm_args: -agentlib:jdwp=transport=dt_socket,address=127.0.0.1:57127,suspend=y,server=n -javaagent:C:\Users\trung\AppData\Local\JetBrains\IntelliJIdea2025.2\captureAgent\debugger-agent.jar=file:///C:/Users/trung/AppData/Local/Temp/capture14641768368852690103.props -agentpath:C:\Users\trung\AppData\Local\Temp\idea_libasyncProfiler_dll_temp_folder9\libasyncProfiler.dll=version,jfr,event=wall,interval=10ms,cstack=no,file=C:\Users\trung\IdeaSnapshots\VibetalkApiApplication_2025_09_18_025531.jfr,dbghelppath=C:\Users\trung\AppData\Local\Temp\idea_dbghelp_dll_temp_folder2\dbghelp.dll,log=C:\Users\trung\AppData\Local\Temp\VibetalkApiApplication_2025_09_18_025531.jfr.log.txt,logLevel=DEBUG -XX:TieredStopAtLevel=1 -Dspring.output.ansi.enabled=always -Dcom.sun.management.jmxremote -Dspring.jmx.enabled=true -Dspring.liveBeansView.mbeanDomain -Dspring.application.admin.enabled=true -Dmanagement.endpoints.jmx.exposure.include=* -Dkotlinx.coroutines.debug.enable.creation.stack.trace=false -Ddebugger.agent.enable.coroutines=true -Dkotlinx.coroutines.debug.enable.flows.stack.trace=true -Dkotlinx.coroutines.debug.enable.mutable.state.flows.stack.trace=true -Dfile.encoding=UTF-8 -Dsun.stdout.encoding=UTF-8 -Dsun.stderr.encoding=UTF-8 
java_command: com.gnxrt.vibetalkapi.VibetalkApiApplication
java_class_path (initial): C:\Workplace\VibeTalk\vibetalk-api\vibetalk-api\target\classes;C:\Users\trung\.m2\repository\org\springframework\boot\spring-boot-starter-data-jpa\3.5.5\spring-boot-starter-data-jpa-3.5.5.jar;C:\Users\trung\.m2\repository\org\springframework\boot\spring-boot-starter\3.5.5\spring-boot-starter-3.5.5.jar;C:\Users\trung\.m2\repository\org\springframework\boot\spring-boot-starter-logging\3.5.5\spring-boot-starter-logging-3.5.5.jar;C:\Users\trung\.m2\repository\ch\qos\logback\logback-classic\1.5.18\logback-classic-1.5.18.jar;C:\Users\trung\.m2\repository\ch\qos\logback\logback-core\1.5.18\logback-core-1.5.18.jar;C:\Users\trung\.m2\repository\org\apache\logging\log4j\log4j-to-slf4j\2.24.3\log4j-to-slf4j-2.24.3.jar;C:\Users\trung\.m2\repository\org\apache\logging\log4j\log4j-api\2.24.3\log4j-api-2.24.3.jar;C:\Users\trung\.m2\repository\org\slf4j\jul-to-slf4j\2.0.17\jul-to-slf4j-2.0.17.jar;C:\Users\trung\.m2\repository\jakarta\annotation\jakarta.annotation-api\2.1.1\jakarta.annotation-api-2.1.1.jar;C:\Users\trung\.m2\repository\org\yaml\snakeyaml\2.4\snakeyaml-2.4.jar;C:\Users\trung\.m2\repository\org\springframework\boot\spring-boot-starter-jdbc\3.5.5\spring-boot-starter-jdbc-3.5.5.jar;C:\Users\trung\.m2\repository\com\zaxxer\HikariCP\6.3.2\HikariCP-6.3.2.jar;C:\Users\trung\.m2\repository\org\springframework\spring-jdbc\6.2.10\spring-jdbc-6.2.10.jar;C:\Users\trung\.m2\repository\org\hibernate\orm\hibernate-core\6.6.26.Final\hibernate-core-6.6.26.Final.jar;C:\Users\trung\.m2\repository\jakarta\persistence\jakarta.persistence-api\3.1.0\jakarta.persistence-api-3.1.0.jar;C:\Users\trung\.m2\repository\jakarta\transaction\jakarta.transaction-api\2.0.1\jakarta.transaction-api-2.0.1.jar;C:\Users\trung\.m2\repository\org\jboss\logging\jboss-logging\3.6.1.Final\jboss-logging-3.6.1.Final.jar;C:\Users\trung\.m2\repository\org\hibernate\common\hibernate-commons-annotations\7.0.3.Final\hibernate-commons-annotations-7.0.3.Final.jar;C:\Users\trung\.m2\repository\io\smallrye\jandex\3.2.0\jandex-3.2.0.jar;C:\Users\trung\.m2\repository\com\fasterxml\classmate\1.7.0\classmate-1.7.0.jar;C:\Users\trung\.m2\repository\net\bytebuddy\byte-buddy\1.17.7\byte-buddy-1.17.7.jar;C:\Users\trung\.m2\repository\org\glassfish\jaxb\jaxb-runtime\4.0.5\jaxb-runtime-4.0.5.jar;C:\Users\trung\.m2\repository\org\glassfish\jaxb\jaxb-core\4.0.5\jaxb-core-4.0.5.jar;C:\Users\trung\.m2\repository\org\glassfish\jaxb\txw2\4.0.5\txw2-4.0.5.jar;C:\Users\trung\.m2\repository\com\sun\istack\istack-commons-runtime\4.1.2\istack-commons-runtime-4.1.2.jar;C:\Users\trung\.m2\repository\jakarta\inject\jakarta.inject-api\2.0.1\jakarta.inject-api-2.0.1.jar;C:\Users\trung\.m2\repository\org\antlr\antlr4-runtime\4.13.0\antlr4-runtime-4.13.0.jar;C:\Users\trung\.m2\repository\org\springframework\data\spring-data-jpa\3.5.3\spring-data-jpa-3.5.3.jar;C:\Users\trung\.m2\repository\org\springframework\data\spring-data-commons\3.5.3\spring-data-commons-3.5.3.jar;C:\Users\trung\.m2\repository\org\springframework\spring-orm\6.2.10\spring-orm-6.2.10.jar;C:\Users\trung\.m2\repository\org\springframework\spring-context\6.2.10\spring-context-6.2.10.jar;C:\Users\trung\.m2\repository\org\springframework\spring-tx\6.2.10\spring-tx-6.2.10.jar;C:\Users\trung\.m2\repository\org\springframework\spring-beans\6.2.10\spring-beans-6.2.10.jar;C:\Users\trung\.m2\repository\org\slf4j\slf4j-api\2.0.17\slf4j-api-2.0.17.jar;C:\Users\trung\.m2\repository\org\springframework\spring-aspects\6.2.10\spring-aspects-6.2.10.jar;C:\Users\trung\.m2\repository\org\aspectj\aspectjweaver\1.9.24\aspectjweaver-1.9.24.jar;C:\Users\trung\.m2\repository\org\springframework\boot\spring-boot-starter-security\3.5.5\spring-boot-starter-security-3.5.5.jar;C:\Users\trung\.m2\repository\org\springframework\spring-aop\6.2.10\spring-aop-6.2.10.jar;C:\Users\trung\.m2\repository\org\springframework\security\spring-security-config\6.5.3\spring-security-config-6.5.3.jar;C:\Users\trung\.m2\repository\org\springframework\security\spring-security-web\6.5.3\spring-security-web-6.5.3.jar;C:\Users\trung\.m2\repository\org\springframework\spring-expression\6.2.10\spring-expression-6.2.10.jar;C:\Users\trung\.m2\repository\org\springframework\boot\spring-boot-starter-validation\3.5.5\spring-boot-starter-validation-3.5.5.jar;C:\Users\trung\.m2\repository\org\apache\tomcat\embed\tomcat-embed-el\10.1.44\tomcat-embed-el-10.1.44.jar;C:\Users\trung\.m2\repository\org\hibernate\validator\hibernate-validator\8.0.3.Final\hibernate-validator-8.0.3.Final.jar;C:\Users\trung\.m2\repository\jakarta\validation\jakarta.validation-api\3.0.2\jakarta.validation-api-3.0.2.jar;C:\Users\trung\.m2\repository\org\springframework\boot\spring-boot-starter-web\3.5.5\spring-boot-starter-web-3.5.5.jar;C:\Users\trung\.m2\repository\org\springframework\boot\spring-boot-starter-json\3.5.5\spring-boot-starter-json-3.5.5.jar;C:\Users\trung\.m2\repository\com\fasterxml\jackson\datatype\jackson-datatype-jdk8\2.19.2\jackson-datatype-jdk8-2.19.2.jar;C:\Users\trung\.m2\repository\com\fasterxml\jackson\datatype\jackson-datatype-jsr310\2.19.2\jackson-datatype-jsr310-2.19.2.jar;C:\Users\trung\.m2\repository\com\fasterxml\jackson\module\jackson-module-parameter-names\2.19.2\jackson-module-parameter-names-2.19.2.jar;C:\Users\trung\.m2\repository\org\springframework\boot\spring-boot-starter-tomcat\3.5.5\spring-boot-starter-tomcat-3.5.5.jar;C:\Users\trung\.m2\repository\org\apache\tomcat\embed\tomcat-embed-core\10.1.44\tomcat-embed-core-10.1.44.jar;C:\Users\trung\.m2\repository\org\apache\tomcat\embed\tomcat-embed-websocket\10.1.44\tomcat-embed-websocket-10.1.44.jar;C:\Users\trung\.m2\repository\org\springframework\spring-web\6.2.10\spring-web-6.2.10.jar;C:\Users\trung\.m2\repository\io\micrometer\micrometer-observation\1.15.3\micrometer-observation-1.15.3.jar;C:\Users\trung\.m2\repository\io\micrometer\micrometer-commons\1.15.3\micrometer-commons-1.15.3.jar;C:\Users\trung\.m2\repository\org\springframework\spring-webmvc\6.2.10\spring-webmvc-6.2.10.jar;C:\Users\trung\.m2\repository\org\springframework\boot\spring-boot-starter-websocket\3.5.5\spring-boot-starter-websocket-3.5.5.jar;C:\Users\trung\.m2\repository\org\springframework\spring-messaging\6.2.10\spring-messaging-6.2.10.jar;C:\Users\trung\.m2\repository\org\springframework\spring-websocket\6.2.10\spring-websocket-6.2.10.jar;C:\Users\trung\.m2\repository\io\jsonwebtoken\jjwt-api\0.12.6\jjwt-api-0.12.6.jar;C:\Users\trung\.m2\repository\io\jsonwebtoken\jjwt-impl\0.12.6\jjwt-impl-0.12.6.jar;C:\Users\trung\.m2\repository\io\jsonwebtoken\jjwt-jackson\0.12.6\jjwt-jackson-0.12.6.jar;C:\Users\trung\.m2\repository\com\fasterxml\jackson\core\jackson-databind\2.19.2\jackson-databind-2.19.2.jar;C:\Users\trung\.m2\repository\com\fasterxml\jackson\core\jackson-annotations\2.19.2\jackson-annotations-2.19.2.jar;C:\Users\trung\.m2\repository\com\fasterxml\jackson\core\jackson-core\2.19.2\jackson-core-2.19.2.jar;C:\Users\trung\.m2\repository\org\springframework\boot\spring-boot-devtools\3.5.5\spring-boot-devtools-3.5.5.jar;C:\Users\trung\.m2\repository\org\springframework\boot\spring-boot\3.5.5\spring-boot-3.5.5.jar;C:\Users\trung\.m2\repository\org\springframework\boot\spring-boot-autoconfigure\3.5.5\spring-boot-autoconfigure-3.5.5.jar;C:\Users\trung\.m2\repository\com\mysql\mysql-connector-j\9.4.0\mysql-connector-j-9.4.0.jar;C:\Users\trung\.m2\repository\org\projectlombok\lombok\1.18.38\lombok-1.18.38.jar;C:\Users\trung\.m2\repository\org\springdoc\springdoc-openapi-starter-webmvc-ui\2.8.8\springdoc-openapi-starter-webmvc-ui-2.8.8.jar;C:\Users\trung\.m2\repository\org\springdoc\springdoc-openapi-starter-webmvc-api\2.8.8\springdoc-openapi-starter-webmvc-api-2.8.8.jar;C:\Users\trung\.m2\repository\org\springdoc\springdoc-openapi-starter-common\2.8.8\springdoc-openapi-starter-common-2.8.8.jar;C:\Users\trung\.m2\repository\io\swagger\core\v3\swagger-core-jakarta\2.2.30\swagger-core-jakarta-2.2.30.jar;C:\Users\trung\.m2\repository\io\swagger\core\v3\swagger-annotations-jakarta\2.2.30\swagger-annotations-jakarta-2.2.30.jar;C:\Users\trung\.m2\repository\io\swagger\core\v3\swagger-models-jakarta\2.2.30\swagger-models-jakarta-2.2.30.jar;C:\Users\trung\.m2\repository\com\fasterxml\jackson\dataformat\jackson-dataformat-yaml\2.19.2\jackson-dataformat-yaml-2.19.2.jar;C:\Users\trung\.m2\repository\org\webjars\swagger-ui\5.21.0\swagger-ui-5.21.0.jar;C:\Users\trung\.m2\repository\org\webjars\webjars-locator-lite\1.1.0\webjars-locator-lite-1.1.0.jar;C:\Users\trung\.m2\repository\org\jspecify\jspecify\1.0.0\jspecify-1.0.0.jar;C:\Users\trung\.m2\repository\me\paulschwarz\spring-dotenv\4.0.0\spring-dotenv-4.0.0.jar;C:\Users\trung\.m2\repository\io\github\cdimascio\dotenv-java\3.0.0\dotenv-java-3.0.0.jar;C:\Users\trung\.m2\repository\org\springframework\boot\spring-boot-starter-mail\3.5.3\spring-boot-starter-mail-3.5.3.jar;C:\Users\trung\.m2\repository\org\springframework\spring-context-support\6.2.10\spring-context-support-6.2.10.jar;C:\Users\trung\.m2\repository\org\eclipse\angus\jakarta.mail\2.0.4\jakarta.mail-2.0.4.jar;C:\Users\trung\.m2\repository\jakarta\activation\jakarta.activation-api\2.1.3\jakarta.activation-api-2.1.3.jar;C:\Users\trung\.m2\repository\org\eclipse\angus\angus-activation\2.0.2\angus-activation-2.0.2.jar;C:\Users\trung\.m2\repository\jakarta\xml\bind\jakarta.xml.bind-api\4.0.2\jakarta.xml.bind-api-4.0.2.jar;C:\Users\trung\.m2\repository\org\springframework\spring-core\6.2.10\spring-core-6.2.10.jar;C:\Users\trung\.m2\repository\org\springframework\spring-jcl\6.2.10\spring-jcl-6.2.10.jar;C:\Users\trung\.m2\repository\org\springframework\security\spring-security-core\6.5.3\spring-security-core-6.5.3.jar;C:\Users\trung\.m2\repository\org\springframework\security\spring-security-crypto\6.5.3\spring-security-crypto-6.5.3.jar;C:\Users\trung\.m2\repository\com\cloudinary\cloudinary-http44\1.39.0\cloudinary-http44-1.39.0.jar;C:\Users\trung\.m2\repository\com\cloudinary\cloudinary-core\1.39.0\cloudinary-core-1.39.0.jar;C:\Users\trung\.m2\repository\org\apache\commons\commons-lang3\3.17.0\commons-lang3-3.17.0.jar;C:\Users\trung\.m2\repository\org\apache\httpcomponents\httpclient\4.4\httpclient-4.4.jar;C:\Users\trung\.m2\repository\org\apache\httpcomponents\httpcore\4.4.16\httpcore-4.4.16.jar;C:\Users\trung\.m2\repository\commons-logging\commons-logging\1.2\commons-logging-1.2.jar;C:\Users\trung\.m2\repository\commons-codec\commons-codec\1.18.0\commons-codec-1.18.0.jar;C:\Users\trung\.m2\repository\org\apache\httpcomponents\httpmime\4.4\httpmime-4.4.jar;C:\Users\trung\.m2\repository\commons-fileupload\commons-fileupload\1.5\commons-fileupload-1.5.jar;C:\Users\trung\.m2\repository\commons-io\commons-io\2.11.0\commons-io-2.11.0.jar;C:\Program Files\JetBrains\IntelliJ IDEA 2025.2\lib\idea_rt.jar
Launcher Type: SUN_STANDARD

[Global flags]
     intx CICompilerCount                          = 12                                        {product} {ergonomic}
     uint ConcGCThreads                            = 3                                         {product} {ergonomic}
     uint G1ConcRefinementThreads                  = 13                                        {product} {ergonomic}
   size_t G1HeapRegionSize                         = 2097152                                   {product} {ergonomic}
    uintx GCDrainStackTargetSize                   = 64                                        {product} {ergonomic}
   size_t InitialHeapSize                          = 260046848                                 {product} {ergonomic}
     bool ManagementServer                         = true                                      {product} {command line}
   size_t MarkStackSize                            = 4194304                                   {product} {ergonomic}
   size_t MaxHeapSize                              = 4139778048                                {product} {ergonomic}
   size_t MaxNewSize                               = 2483027968                                {product} {ergonomic}
   size_t MinHeapDeltaBytes                        = 2097152                                   {product} {ergonomic}
   size_t MinHeapSize                              = 8388608                                   {product} {ergonomic}
    uintx NonNMethodCodeHeapSize                   = 4096                                   {pd product} {ergonomic}
    uintx NonProfiledCodeHeapSize                  = 0                                      {pd product} {ergonomic}
     bool ProfileInterpreter                       = false                                  {pd product} {command line}
    uintx ProfiledCodeHeapSize                     = 0                                      {pd product} {ergonomic}
   size_t SoftMaxHeapSize                          = 4139778048                             {manageable} {ergonomic}
     intx TieredStopAtLevel                        = 1                                         {product} {command line}
     bool UseCompressedOops                        = true                           {product lp64_product} {ergonomic}
     bool UseG1GC                                  = true                                      {product} {ergonomic}
     bool UseLargePagesIndividualAllocation        = false                                  {pd product} {ergonomic}

Logging:
Log output configuration:
 #0: stdout all=warning uptime,level,tags foldmultilines=false
 #1: stderr all=off uptime,level,tags foldmultilines=false

Environment Variables:
PATH=C:\Program Files\Common Files\Oracle\Java\javapath;C:\WINDOWS\system32;C:\WINDOWS;C:\WINDOWS\System32\Wbem;C:\WINDOWS\System32\WindowsPowerShell\v1.0\;C:\WINDOWS\System32\OpenSSH\;C:\Program Files\Git\cmd;C:\Program Files\nodejs\;C:\Program Files\MySQL\MySQL Shell 8.0\bin\;C:\Users\trung\AppData\Local\Microsoft\WindowsApps;C:\Program Files\JetBrains\IntelliJ IDEA 2025.2\bin;C:\Users\trung\AppData\Local\Programs\Microsoft VS Code\bin;C:\Users\trung\AppData\Roaming\npm
USERNAME=trung
OS=Windows_NT
PROCESSOR_IDENTIFIER=AMD64 Family 23 Model 96 Stepping 1, AuthenticAMD
TMP=C:\Users\trung\AppData\Local\Temp
TEMP=C:\Users\trung\AppData\Local\Temp




Periodic native trim disabled

---------------  S Y S T E M  ---------------

OS:
 Windows 11 , 64 bit Build 26100 (10.0.26100.1591)
OS uptime: 0 days 0:07 hours
Hyper-V role detected

CPU: total 16 (initial active 16) (16 cores per cpu, 2 threads per core) family 23 model 96 stepping 1 microcode 0x8600104, cx8, cmov, fxsr, ht, mmx, 3dnowpref, sse, sse2, sse3, ssse3, sse4a, sse4.1, sse4.2, popcnt, lzcnt, tsc, tscinvbit, avx, avx2, aes, clmul, bmi1, bmi2, adx, sha, fma, vzeroupper, clflush, clflushopt, hv, rdtscp, rdpid, f16c
Processor Information for all 16 processors :
  Max Mhz: 2900, Current Mhz: 2900, Mhz Limit: 2900

Memory: 4k page, system-wide physical 15789M (6029M free)
TotalPageFile size 16813M (AvailPageFile size 3672M)
current process WorkingSet (physical memory assigned to process): 377M, peak: 377M
current process commit charge ("private bytes"): 451M, peak: 451M

vm_info: Java HotSpot(TM) 64-Bit Server VM (21.0.8+12-LTS-250) for windows-amd64 JRE (21.0.8+12-LTS-250), built on 2025-06-27T08:11:22Z by "mach5one" with MS VC++ 17.6 (VS2022)

END.
